2022-12-01 10:11:55.324  1753-7425  ActivityTaskManager     pid-1753                             I  START u0 {hwFlg=0x10 cmp=de.ulli.karopapier.app/.game.SpielinfoActivity (has extras)} from uid 10396
2022-12-01 10:11:55.325  1753-7425  ActivityTaskManager     pid-1753                             I  ActivityRecord info: ActivityInfo{4af9dbd de.ulli.karopapier.app.game.SpielinfoActivity}
2022-12-01 10:11:55.326  1753-7425  ActivityTaskManager     pid-1753                             D  TaskLaunchParamsModifier:task=null activity=ActivityRecord{3ff011a u0 de.ulli.karopapier.app/.game.SpielinfoActivity t-1} display-from-source=0 display-id=0 display-windowing-mode=1
2022-12-01 10:11:55.326  1753-7425  ActivityTaskManager     pid-1753                             D  TaskLaunchParamsModifier:task=null activity=ActivityRecord{3ff011a u0 de.ulli.karopapier.app/.game.SpielinfoActivity t-1} display-from-source=0 display-id=0 display-windowing-mode=1 activity-options-fullscreen=Rect(0, 0 - 0, 0) non-freeform-display maximized-bounds
2022-12-01 10:11:55.328  1753-7425  ActivityTaskManager     pid-1753                             V  addAppToken: AppWindowToken{4912e28 token=Token{a05944b ActivityRecord{3ff011a u0 de.ulli.karopapier.app/.game.SpielinfoActivity t53630}}} task={taskId=53630 appTokens=[AppWindowToken{c48d88 token=Token{f37552b ActivityRecord{8ced1a5 u0 de.ulli.karopapier.app/.StartActivity t53630}}}, AppWindowToken{dfb4cb6 token=Token{38dfc51 ActivityRecord{ea38d78 u0 de.ulli.karopapier.app/.gamelist.GamelistActivity t53630}}}, AppWindowToken{9f7e51c token=Token{3d1be8f ActivityRecord{f7c19ee u0 de.ulli.karopapier.app/.game.GameActivity t53630}}}] mdr=false} at 2147483647
2022-12-01 10:11:55.336  1035-1062  AwareLog                pid-1035                             D  iawared: WorkingsetProcessCommand subCmd = 352, userId=10396, pid=8375, de.ulli.karopapier.app/.game.GameActivity
2022-12-01 10:11:55.336  1035-1062  AwareLog                pid-1035                             D  iawared: WorkingsetStop de.ulli.karopapier.app/.game.GameActivity
2022-12-01 10:11:55.337  1035-1062  AwareLog                pid-1035                             D  iawared: WorkingsetProcessCommand subCmd = 350, userId=10396, pid=8375, de.ulli.karopapier.app/.game.SpielinfoActivity
2022-12-01 10:11:55.338  1035-1062  AwareLog                pid-1035                             D  iawared: WorkingsetSendPrereadMsg de.ulli.karopapier.app/.game.SpielinfoActivity
2022-12-01 10:11:55.338  1035-1062  AwareLog                pid-1035                             D  iawared: WorkingsetStart de.ulli.karopapier.app/.game.SpielinfoActivity in monitor0
2022-12-01 10:11:55.339  1753-2049  ActivityTaskManager     pid-1753                             I  Making visible and scheduling visibility: ActivityRecord{3ff011a u0 de.ulli.karopapier.app/.game.SpielinfoActivity t53630}
2022-12-01 10:11:55.342  1753-2049  ActivityTaskManager     pid-1753                             E  Transaction too large, intent: Intent { cmp=de.ulli.karopapier.app/.game.SpielinfoActivity (has extras) }, extras size: 638908, icicle size: 0
2022-12-01 10:11:55.344  1753-2049  ActivityTaskManager     pid-1753                             W  Exception when starting activity de.ulli.karopapier.app/.game.SpielinfoActivity
                                                                                                    android.os.TransactionTooLargeException: data parcel size 642828 bytes
                                                                                                    	at android.os.BinderProxy.transactNative(Native Method)
                                                                                                    	at android.os.BinderProxy.transact(BinderProxy.java:532)
                                                                                                    	at android.app.IApplicationThread$Stub$Proxy.scheduleTransaction(IApplicationThread.java:2721)
                                                                                                    	at android.app.servertransaction.ClientTransaction.schedule(ClientTransaction.java:136)
                                                                                                    	at com.android.server.wm.ClientLifecycleManager.scheduleTransaction(ClientLifecycleManager.java:47)
                                                                                                    	at com.android.server.wm.ActivityStackSupervisor.realStartActivityLocked(ActivityStackSupervisor.java:958)
                                                                                                    	at com.android.server.wm.ActivityStackSupervisor.startSpecificActivityLocked(ActivityStackSupervisor.java:1087)
                                                                                                    	at com.android.server.wm.ActivityStack.resumeTopActivityInnerLocked(ActivityStack.java:3734)
                                                                                                    	at com.android.server.wm.ActivityStack.resumeTopActivityUncheckedLocked(ActivityStack.java:3186)
                                                                                                    	at com.android.server.wm.RootActivityContainer.resumeFocusedStacksTopActivities(RootActivityContainer.java:1285)
                                                                                                    	at com.android.server.wm.ActivityStack.completePauseLocked(ActivityStack.java:2270)
                                                                                                    	at com.android.server.wm.ActivityStack.activityPausedLocked(ActivityStack.java:2181)
                                                                                                    	at com.android.server.wm.ActivityTaskManagerService.activityPaused(ActivityTaskManagerService.java:1891)
                                                                                                    	at android.app.IActivityTaskManager$Stub.onTransact(IActivityTaskManager.java:2003)
                                                                                                    	at android.os.Binder.execTransactInternal(Binder.java:1028)
                                                                                                    	at android.os.Binder.execTransact(Binder.java:1001)
2022-12-01 10:11:55.347  1753-1930  ActivityTaskManager     pid-1753                             V  Stopping ActivityRecord{f7c19ee u0 de.ulli.karopapier.app/.game.GameActivity t53630}: nowVisible=false animating=true finishing=false
2022-12-01 10:11:55.347  1753-1930  ActivityManager         pid-1753                             V  startProcess: name=de.ulli.karopapier.app app=ProcessRecord{267243e 8375:de.ulli.karopapier.app/u0a396} knownToBeDead=true thread=android.app.IApplicationThread$Stub$Proxy@e7c14e6 pid=8375 preloadStatus=0
2022-12-01 10:11:55.348  1753-1930  ActivityManager         pid-1753                             D  cleanUpApplicationRecord app: 8375:de.ulli.karopapier.app/u0a396, bad: false, restarting: true, allowRestart: true
2022-12-01 10:11:55.349  1753-1930  ActivityTaskManager     pid-1753                             W  Force removing ActivityRecord{f7c19ee u0 de.ulli.karopapier.app/.game.GameActivity t53630}: app died, no saved state
2022-12-01 10:11:55.349  1753-1930  WindowManager           pid-1753                             V  commitVisibility: AppWindowToken{9f7e51c token=Token{3d1be8f ActivityRecord{f7c19ee u0 de.ulli.karopapier.app/.game.GameActivity t53630}}}: hidden=true hiddenRequested=true
2022-12-01 10:11:55.349  1753-1930  WindowManager           pid-1753                             I  Changing focus from Window{fb45b52 u0 de.ulli.karopapier.app/de.ulli.karopapier.app.game.GameActivity} to null displayId=0 Callers=com.android.server.wm.RootWindowContainer.updateFocusedWindowLocked:211 com.android.server.wm.WindowManagerService.updateFocusedWindowLocked:6385 com.android.server.wm.AppWindowToken.commitVisibility:905 com.android.server.wm.AppWindowToken.onRemovedFromDisplay:1128 
2022-12-01 10:11:55.351  1753-1938  HwAudioServiceEx        pid-1753                             I  ComponentInfo : className = de.ulli.karopapier.app.game.GameActivity, flag = onPause, isHomeActivity = , isTop = false
2022-12-01 10:11:55.351  1753-1930  WindowManager           pid-1753                             I  Animation done in AppWindowToken{9f7e51c token=Token{3d1be8f ActivityRecord{f7c19ee u0 de.ulli.karopapier.app/.game.GameActivity t53630}}} isHidden:true hiddenRequested:true
2022-12-01 10:11:55.352  1000-25837 ITouchService           pid-1000                             D  itouch currentPackageName = de.ulli.karopapier.app
2022-12-01 10:11:55.352  1000-25837 ITouchService           pid-1000                             D  itouch getCurrentParmID tempPkg=de.ulli.karopapier.xxx
2022-12-01 10:11:55.352  1000-25837 ITouchService           pid-1000                             D  itouch:app de.ulli.karopapier.app is  not game app
2022-12-01 10:11:55.352  1000-25837 ITouchService           pid-1000                             D  itouch:app de.ulli.karopapier.app is  not in StylusPenList
2022-12-01 10:11:55.352  1753-1930  WindowManager           pid-1753                             V  removeAppToken: AppWindowToken{9f7e51c token=Token{3d1be8f ActivityRecord{f7c19ee u0 de.ulli.karopapier.app/.game.GameActivity t53630}}} delayed=true Callers=com.android.server.wm.DisplayContent.removeAppToken:1299 com.android.server.wm.ActivityRecord.removeWindowContainer:1371 com.android.server.wm.ActivityStack.removeActivityFromHistoryLocked:5289 com.android.server.wm.ActivityStack.removeHistoryRecordsForAppLocked:5716 com.android.server.wm.ActivityStack.handleAppDiedLocked:6260 com.android.server.wm.RootActivityContainer.handleAppDied:2169 com.android.server.wm.ActivityTaskManagerService$LocalService.handleAppDied:7632 com.android.server.am.ActivityManagerService.handleAppDiedLocked:3932 com.android.server.am.ProcessList.startProcessLocked:2121 
2022-12-01 10:11:55.352  1753-1930  WindowManager           pid-1753                             V  removeAppToken make exiting: AppWindowToken{9f7e51c token=Token{3d1be8f ActivityRecord{f7c19ee u0 de.ulli.karopapier.app/.game.GameActivity t53630}}}
2022-12-01 10:11:55.354  2441-2632  DollieActi...gerAdapter pid-2441                             D  [Paused] pid:8375 uid:10396 ComponentInfo{de.ulli.karopapier.app/de.ulli.karopapier.app.game.GameActivity} uidState:2
2022-12-01 10:11:55.355  1035-1062  AwareLog                pid-1035                             D  iawared: WorkingsetProcessCommand subCmd = 354, userId=10396, pid=0, de.ulli.karopapier.app
2022-12-01 10:11:55.355  1035-1062  AwareLog                pid-1035                             D  iawared: ForceStopCurrentWorkingset abort de.ulli.karopapier.app/.game.SpielinfoActivity
2022-12-01 10:11:55.355  1035-1062  AwareLog                pid-1035                             D  iawared: WorkingsetSendPrereadMsg de.ulli.karopapier.app
2022-12-01 10:11:55.355  1035-1062  AwareLog                pid-1035                             D  iawared: WorkingsetStart de.ulli.karopapier.app in monitor0
2022-12-01 10:11:55.357  1753-1930  ActivityManager         pid-1753                             I  startProcess: reset pid for ProcessRecord{267243e 0:de.ulli.karopapier.app/u0a396}
2022-12-01 10:11:55.370  2441-2632  DollieAdapterService    pid-2441                             E  notifyActivityState pkg:de.ulli.karopapier.app/de.ulli.karopapier.app.game.GameActivity state:20 fg:false mUid:10396
2022-12-01 10:11:55.370  2441-2632  HidataAppQoeP           pid-2441                             I  foregroundUidRemove uid: 10396 name: de.ulli.karopapier.app
2022-12-01 10:11:55.371  2441-2632  SmartDualCardConfig     pid-2441                             I  getAppType,pkgName=de.ulli.karopapier.app,appType=-1
2022-12-01 10:11:55.372  2441-2632  SmartDualCardConfig     pid-2441                             I  getAppType,pkgName=de.ulli.karopapier.app,appType=-1
2022-12-01 10:11:55.372  2441-2632  SmartDualCardSM         pid-2441                             I  onUidStateUpdate,uid=10396,appName=de.ulli.karopapier.app,state=BACKGROUND
2022-12-01 10:11:55.372  2441-2632  SmartDualCardConfig     pid-2441                             I  getAppType,pkgName=de.ulli.karopapier.app,appType=-1
2022-12-01 10:11:55.373  2441-2632  DollieChr               pid-2441                             I  handleForegroundAppUpdateMsg,mAppState=2,scenes=1,mForegroundAppName=de.ulli.karopapier.app
2022-12-01 10:11:55.375  2441-2632  SmartDualCardConfig     pid-2441                             I  getAppType,pkgName=de.ulli.karopapier.app,appType=-1
2022-12-01 10:11:55.376  1753-1945  ActivityManager         pid-1753                             I  Start proc 8669:de.ulli.karopapier.app/u0a396 for activity {de.ulli.karopapier.app/de.ulli.karopapier.app.game.SpielinfoActivity}
2022-12-01 10:11:55.377  1035-1062  AwareLog                pid-1035                             D  iawared: WorkingsetProcessCommand subCmd = 352, userId=10396, pid=8375, de.ulli.karopapier.app/.game.SpielinfoActivity
2022-12-01 10:11:55.377  1035-1062  AwareLog                pid-1035                             D  iawared: ForceStopCurrentWorkingset abort de.ulli.karopapier.app
2022-12-01 10:11:55.378  1035-1062  AwareLog                pid-1035                             D  iawared: WorkingsetProcessCommand subCmd = 350, userId=10396, pid=8669, de.ulli.karopapier.app
2022-12-01 10:11:55.399  1753-16688 ActivityTaskManager     pid-1753                             E  Transaction too large, intent: Intent { cmp=de.ulli.karopapier.app/.game.SpielinfoActivity (has extras) }, extras size: 638908, icicle size: 0
2022-12-01 10:11:55.400  1753-16688 ActivityTaskManager     pid-1753                             E  Second failure launching de.ulli.karopapier.app/.game.SpielinfoActivity, giving up
                                                                                                    android.os.TransactionTooLargeException: data parcel size 642828 bytes
                                                                                                    	at android.os.BinderProxy.transactNative(Native Method)
                                                                                                    	at android.os.BinderProxy.transact(BinderProxy.java:532)
                                                                                                    	at android.app.IApplicationThread$Stub$Proxy.scheduleTransaction(IApplicationThread.java:2721)
                                                                                                    	at android.app.servertransaction.ClientTransaction.schedule(ClientTransaction.java:136)
                                                                                                    	at com.android.server.wm.ClientLifecycleManager.scheduleTransaction(ClientLifecycleManager.java:47)
                                                                                                    	at com.android.server.wm.ActivityStackSupervisor.realStartActivityLocked(ActivityStackSupervisor.java:958)
                                                                                                    	at com.android.server.wm.RootActivityContainer.attachApplication(RootActivityContainer.java:839)
                                                                                                    	at com.android.server.wm.ActivityTaskManagerService$LocalService.attachApplication(ActivityTaskManagerService.java:7761)
                                                                                                    	at com.android.server.am.ActivityManagerService.attachApplicationLocked(ActivityManagerService.java:5563)
                                                                                                    	at com.android.server.am.ActivityManagerService.attachApplication(ActivityManagerService.java:5644)
                                                                                                    	at android.app.IActivityManager$Stub.onTransact(IActivityManager.java:2022)
                                                                                                    	at com.android.server.am.ActivityManagerService.onTransact(ActivityManagerService.java:2984)
                                                                                                    	at com.android.server.am.HwActivityManagerService.onTransact(HwActivityManagerService.java:367)
                                                                                                    	at android.os.Binder.execTransactInternal(Binder.java:1028)
                                                                                                    	at android.os.Binder.execTransact(Binder.java:1001)
2022-12-01 10:11:55.403  1753-16688 WindowManager           pid-1753                             I  Animation done in AppWindowToken{4912e28 token=Token{a05944b ActivityRecord{3ff011a u0 de.ulli.karopapier.app/.game.SpielinfoActivity t53630}}} isHidden:true hiddenRequested:true
2022-12-01 10:11:55.403  1753-16688 ActivityTaskManager     pid-1753                             V  Stopping ActivityRecord{3ff011a u0 de.ulli.karopapier.app/.game.SpielinfoActivity t53630 f}: nowVisible=false animating=true finishing=true
2022-12-01 10:11:55.404  1753-16688 HwWindowMa...rServiceEx pid-1753                             D  is app exit to launcher info: transit = 6, app = AppWindowToken{9f7e51c token=Token{3d1be8f ActivityRecord{f7c19ee u0 de.ulli.karopapier.app/.game.GameActivity t53630}}} mIsExiting=, window = Window{fb45b52 u0 de.ulli.karopapier.app/de.ulli.karopapier.app.game.GameActivity}, mClosingApps = {AppWindowToken{4912e28 token=Token{a05944b ActivityRecord{3ff011a u0 de.ulli.karopapier.app/.game.SpielinfoActivity t53630}}}, AppWindowToken{9f7e51c token=Token{3d1be8f ActivityRecord{f7c19ee u0 de.ulli.karopapier.app/.game.GameActivity t53630}}} mIsExiting=}, topOpeningApp = null, mExitIconBitmap = null, mExitIconHeight = 0, mExitIconWidth = 0
2022-12-01 10:11:55.405  1753-16688 WindowManager           pid-1753                             V  commitVisibility: AppWindowToken{9f7e51c token=Token{3d1be8f ActivityRecord{f7c19ee u0 de.ulli.karopapier.app/.game.GameActivity t53630}}} mIsExiting=: hidden=true hiddenRequested=true
2022-12-01 10:11:55.406  1753-16688 WindowManager           pid-1753                             W  Failed to take screenshot. No visible windows for {taskId=53630 appTokens=[AppWindowToken{c48d88 token=Token{f37552b ActivityRecord{8ced1a5 u0 de.ulli.karopapier.app/.StartActivity t53630}}}, AppWindowToken{dfb4cb6 token=Token{38dfc51 ActivityRecord{ea38d78 u0 de.ulli.karopapier.app/.gamelist.GamelistActivity t53630}}}, AppWindowToken{9f7e51c token=Token{3d1be8f ActivityRecord{f7c19ee u0 de.ulli.karopapier.app/.game.GameActivity t53630}}} mIsExiting=, AppWindowToken{4912e28 token=Token{a05944b ActivityRecord{3ff011a u0 de.ulli.karopapier.app/.game.SpielinfoActivity t53630}}}] mdr=false}
2022-12-01 10:11:55.407  1753-2082  InputDispatcher         pid-1753                             W  channel '34c4045 de.ulli.karopapier.app/de.ulli.karopapier.app.gamelist.GamelistActivity (server)' ~ Consumer closed input channel or an error occurred.  events=0x9
2022-12-01 10:11:55.407  1753-2082  InputDispatcher         pid-1753                             E  channel '34c4045 de.ulli.karopapier.app/de.ulli.karopapier.app.gamelist.GamelistActivity (server)' ~ Channel is unrecoverably broken and will be disposed!
2022-12-01 10:11:55.409  1753-16688 WindowManager           pid-1753                             V  commitVisibility: AppWindowToken{dfb4cb6 token=Token{38dfc51 ActivityRecord{ea38d78 u0 de.ulli.karopapier.app/.gamelist.GamelistActivity t53630}}}: hidden=false hiddenRequested=false
2022-12-01 10:11:55.411  1753-1928  StatusBarDisable        pid-1753                             I  setFlags what=0 which=1 pkg=Window{34c4045 u0 de.ulli.karopapier.app/de.ulli.karopapier.app.gamelist.GamelistActivity}
2022-12-01 10:11:55.411  1753-16688 WindowManager           pid-1753                             I  Animation done in AppWindowToken{dfb4cb6 token=Token{38dfc51 ActivityRecord{ea38d78 u0 de.ulli.karopapier.app/.gamelist.GamelistActivity t53630}}} isHidden:false hiddenRequested:false
2022-12-01 10:11:55.414  1753-16688 WindowManager           pid-1753                             I  Animation done in AppWindowToken{dfb4cb6 token=Token{38dfc51 ActivityRecord{ea38d78 u0 de.ulli.karopapier.app/.gamelist.GamelistActivity t53630}}} isHidden:false hiddenRequested:false
2022-12-01 10:11:55.416  1753-16688 WindowManager           pid-1753                             I  Animation done in AppWindowToken{dfb4cb6 token=Token{38dfc51 ActivityRecord{ea38d78 u0 de.ulli.karopapier.app/.gamelist.GamelistActivity t53630}}} isHidden:false hiddenRequested:false
2022-12-01 10:11:55.419  1753-2082  WindowManager           pid-1753                             I  WINDOW DIED Window{34c4045 u0 de.ulli.karopapier.app/de.ulli.karopapier.app.gamelist.GamelistActivity}
2022-12-01 10:11:55.419  1753-2082  WindowManager           pid-1753                             I  removeIfPossible: Window{34c4045 u0 de.ulli.karopapier.app/de.ulli.karopapier.app.gamelist.GamelistActivity} callers=com.android.server.wm.WindowState.removeIfPossible:2445 com.android.server.wm.InputManagerCallback.notifyInputChannelBroken:68 com.android.server.input.InputManagerService.notifyInputChannelBroken:2080 <bottom of call stack> <bottom of call stack> 
2022-12-01 10:11:55.419  1753-2082  InputDispatcher         pid-1753                             W  Attempted to unregister already unregistered input channel '34c4045 de.ulli.karopapier.app/de.ulli.karopapier.app.gamelist.GamelistActivity (server)'
2022-12-01 10:11:55.419  1753-2082  WindowManager           pid-1753                             I  postWindowRemoveCleanupLocked: Window{34c4045 u0 de.ulli.karopapier.app/de.ulli.karopapier.app.gamelist.GamelistActivity}
2022-12-01 10:11:55.419  1753-2082  WindowManager           pid-1753                             I  Removing Window{34c4045 u0 de.ulli.karopapier.app/de.ulli.karopapier.app.gamelist.GamelistActivity} from AppWindowToken{dfb4cb6 token=Token{38dfc51 ActivityRecord{ea38d78 u0 de.ulli.karopapier.app/.gamelist.GamelistActivity t53630}}}
2022-12-01 10:11:55.421  1753-2082  InputDispatcher         pid-1753                             W  channel 'fb45b52 de.ulli.karopapier.app/de.ulli.karopapier.app.game.GameActivity (server)' ~ Consumer closed input channel or an error occurred.  events=0x9
2022-12-01 10:11:55.421  1753-2082  InputDispatcher         pid-1753                             E  channel 'fb45b52 de.ulli.karopapier.app/de.ulli.karopapier.app.game.GameActivity (server)' ~ Channel is unrecoverably broken and will be disposed!
2022-12-01 10:11:55.421  1753-2082  InputDispatcher         pid-1753                             W  channel '1654ffc de.ulli.karopapier.app/de.ulli.karopapier.app.StartActivity (server)' ~ Consumer closed input channel or an error occurred.  events=0x9
2022-12-01 10:11:55.421  1753-2082  InputDispatcher         pid-1753                             E  channel '1654ffc de.ulli.karopapier.app/de.ulli.karopapier.app.StartActivity (server)' ~ Channel is unrecoverably broken and will be disposed!
2022-12-01 10:11:55.422  1753-3283  WindowManager           pid-1753                             I  WIN DEATH: Window{fb45b52 u0 de.ulli.karopapier.app/de.ulli.karopapier.app.game.GameActivity}
2022-12-01 10:11:55.422  1753-3283  WindowManager           pid-1753                             I  Animation done in AppWindowToken{9f7e51c token=Token{3d1be8f ActivityRecord{f7c19ee u0 de.ulli.karopapier.app/.game.GameActivity t53630}}} mIsExiting= isHidden:true hiddenRequested:true
2022-12-01 10:11:55.422  1753-3283  WindowManager           pid-1753                             I  removeIfPossible: Window{fb45b52 u0 de.ulli.karopapier.app/de.ulli.karopapier.app.game.GameActivity} callers=com.android.server.wm.WindowState.access$300:276 com.android.server.wm.WindowState$DeathRecipient.binderDied:3209 android.os.BinderProxy.sendDeathNotice:657 <bottom of call stack> <bottom of call stack> 
2022-12-01 10:11:55.422  1753-3283  InputDispatcher         pid-1753                             W  Attempted to unregister already unregistered input channel 'fb45b52 de.ulli.karopapier.app/de.ulli.karopapier.app.game.GameActivity (server)'
2022-12-01 10:11:55.423  1753-3283  WindowManager           pid-1753                             I  postWindowRemoveCleanupLocked: Window{fb45b52 u0 de.ulli.karopapier.app/de.ulli.karopapier.app.game.GameActivity}
2022-12-01 10:11:55.423  1753-3283  WindowManager           pid-1753                             I  Removing Window{fb45b52 u0 de.ulli.karopapier.app/de.ulli.karopapier.app.game.GameActivity} from AppWindowToken{9f7e51c token=Token{3d1be8f ActivityRecord{f7c19ee u0 de.ulli.karopapier.app/.game.GameActivity t53630}}} mIsExiting=
2022-12-01 10:11:55.424  1753-3283  WindowManager           pid-1753                             I  Animation done in AppWindowToken{9f7e51c token=Token{3d1be8f ActivityRecord{f7c19ee u0 de.ulli.karopapier.app/.game.GameActivity t53630}}} isHidden:true hiddenRequested:true
2022-12-01 10:11:55.424  1753-3283  WindowManager           pid-1753                             V  removeAppToken: AppWindowToken{9f7e51c token=Token{3d1be8f ActivityRecord{f7c19ee u0 de.ulli.karopapier.app/.game.GameActivity t53630}}} delayed=false Callers=com.android.server.wm.AppWindowToken.removeImmediately:1098 com.android.server.wm.AppWindowToken.removeIfPossible:1109 com.android.server.wm.AppWindowToken.checkCompleteDeferredRemoval:1115 com.android.server.wm.WindowContainer.checkCompleteDeferredRemoval:736 com.android.server.wm.WindowContainer.checkCompleteDeferredRemoval:736 com.android.server.wm.TaskStack.checkCompleteDeferredRemoval:2052 com.android.server.wm.WindowContainer.checkCompleteDeferredRemoval:736 com.android.server.wm.WindowContainer.checkCompleteDeferredRemoval:736 com.android.server.wm.DisplayContent.checkCompleteDeferredRemoval:3226 
2022-12-01 10:11:55.427  1753-7425  WindowManager           pid-1753                             I  WIN DEATH: Window{1654ffc u0 de.ulli.karopapier.app/de.ulli.karopapier.app.StartActivity}
2022-12-01 10:11:55.427  1753-7425  WindowManager           pid-1753                             I  removeIfPossible: Window{1654ffc u0 de.ulli.karopapier.app/de.ulli.karopapier.app.StartActivity} callers=com.android.server.wm.WindowState.access$300:276 com.android.server.wm.WindowState$DeathRecipient.binderDied:3209 android.os.BinderProxy.sendDeathNotice:657 <bottom of call stack> <bottom of call stack> 
2022-12-01 10:11:55.427  1753-7425  InputDispatcher         pid-1753                             W  Attempted to unregister already unregistered input channel '1654ffc de.ulli.karopapier.app/de.ulli.karopapier.app.StartActivity (server)'
2022-12-01 10:11:55.427  1753-7425  WindowManager           pid-1753                             I  postWindowRemoveCleanupLocked: Window{1654ffc u0 de.ulli.karopapier.app/de.ulli.karopapier.app.StartActivity}
2022-12-01 10:11:55.427  1753-7425  WindowManager           pid-1753                             I  Removing Window{1654ffc u0 de.ulli.karopapier.app/de.ulli.karopapier.app.StartActivity} from AppWindowToken{c48d88 token=Token{f37552b ActivityRecord{8ced1a5 u0 de.ulli.karopapier.app/.StartActivity t53630}}}
2022-12-01 10:11:55.434  1753-1930  ActivityManager         pid-1753                             I  Process de.ulli.karopapier.app (pid 8669) has died: fore TOP 
2022-12-01 10:11:55.435  1753-1930  ActivityManager         pid-1753                             D  cleanUpApplicationRecord app: 8669:de.ulli.karopapier.app/u0a396, bad: false, restarting: false, allowRestart: true
2022-12-01 10:11:55.435  1753-1930  WindowManager           pid-1753                             I  Animation done in AppWindowToken{4912e28 token=Token{a05944b ActivityRecord{3ff011a u0 de.ulli.karopapier.app/.game.SpielinfoActivity t53630}}} isHidden:true hiddenRequested:true
2022-12-01 10:11:55.435  1753-1930  WindowManager           pid-1753                             V  removeAppToken: AppWindowToken{4912e28 token=Token{a05944b ActivityRecord{3ff011a u0 de.ulli.karopapier.app/.game.SpielinfoActivity t53630}}} delayed=false Callers=com.android.server.wm.DisplayContent.removeAppToken:1299 com.android.server.wm.ActivityRecord.removeWindowContainer:1371 com.android.server.wm.ActivityStack.removeActivityFromHistoryLocked:5289 com.android.server.wm.ActivityStack.removeHistoryRecordsForAppLocked:5716 com.android.server.wm.ActivityStack.handleAppDiedLocked:6260 com.android.server.wm.RootActivityContainer.handleAppDied:2169 com.android.server.wm.ActivityTaskManagerService$LocalService.handleAppDied:7632 com.android.server.am.ActivityManagerService.handleAppDiedLocked:3932 com.android.server.am.ActivityManagerService.appDiedLocked:4071 
2022-12-01 10:11:55.437  1753-1938  HwAudioServiceEx        pid-1753                             I  ComponentInfo : className = de.ulli.karopapier.app.gamelist.GamelistActivity, flag = showStartingWindow, isHomeActivity = , isTop = false
2022-12-01 10:11:55.447  1753-1931  HwPCUtils#...iewManager pid-1753                             I  check if rio enable, displayId = 0， packageName = de.ulli.karopapier.app
2022-12-01 10:11:55.449  1753-1931  WindowManager           pid-1753                             I  addWindow: Window{824c807 u0 Splash Screen de.ulli.karopapier.app}
2022-12-01 10:11:55.450  1753-1930  ActivityManager         pid-1753                             V  startProcess: name=de.ulli.karopapier.app app=null knownToBeDead=false thread=null pid=-1 preloadStatus=-1
2022-12-01 10:11:55.451  1753-1930  ActivityManager         pid-1753                             V  startProcess: name=de.ulli.karopapier.app app=ProcessRecord{db4575d 0:de.ulli.karopapier.app/u0a396} knownToBeDead=false thread=null pid=0 preloadStatus=0
2022-12-01 10:11:55.451  1035-1062  AwareLog                pid-1035                             D  iawared: WorkingsetProcessCommand subCmd = 354, userId=10396, pid=0, de.ulli.karopapier.app
2022-12-01 10:11:55.451  1035-1062  AwareLog                pid-1035                             D  iawared: WorkingsetSendPrereadMsg de.ulli.karopapier.app
2022-12-01 10:11:55.451  1035-1062  AwareLog                pid-1035                             D  iawared: WorkingsetStart de.ulli.karopapier.app in monitor0
2022-12-01 10:11:55.460  1753-1945  ActivityManager         pid-1753                             I  Start proc 8688:de.ulli.karopapier.app/u0a396 for activity {de.ulli.karopapier.app/de.ulli.karopapier.app.gamelist.GamelistActivity}
2022-12-01 10:11:55.462  1753-8694  HiTouch_Pr...reDetector pid-1753                             D  onAttached, package=de.ulli.karopapier.app, windowType=3, mHiTouchRestricted=false
2022-12-01 10:11:55.462  1035-1062  AwareLog                pid-1035                             D  iawared: WorkingsetProcessCommand subCmd = 357, userId=10396, pid=8669, de.ulli.karopapier.app
2022-12-01 10:11:55.462  1753-1928  StatusBarDisable        pid-1753                             I  setFlags what=0 which=1 pkg=Window{824c807 u0 Splash Screen de.ulli.karopapier.app}
2022-12-01 10:11:55.463  1035-1062  AwareLog                pid-1035                             D  iawared: WorkingsetProcessCommand subCmd = 350, userId=10396, pid=8688, de.ulli.karopapier.app
2022-12-01 10:11:55.464  1035-1062  AwareLog                pid-1035                             D  iawared: WorkingsetStart de.ulli.karopapier.app in monitor0
2022-12-01 10:11:55.476  1753-1931  WindowManager           pid-1753                             I  dispatchResized : win = Window{824c807 u0 Splash Screen de.ulli.karopapier.app} drawState = HAS_DRAWN
2022-12-01 10:11:55.496  1000-25837 ITouchService           pid-1000                             D  itouch currentPackageName = de.ulli.karopapier.app
2022-12-01 10:11:55.496  1000-25837 ITouchService           pid-1000                             D  itouch getCurrentParmID tempPkg=de.ulli.karopapier.xxx
2022-12-01 10:11:55.496  1000-25837 ITouchService           pid-1000                             D  itouch:app de.ulli.karopapier.app is  not game app
2022-12-01 10:11:55.496  1000-25837 ITouchService           pid-1000                             D  itouch:app de.ulli.karopapier.app is  not in StylusPenList
2022-12-01 10:11:55.497  1753-1931  WindowManager           pid-1753                             I  Check opening app=AppWindowToken{dfb4cb6 token=Token{38dfc51 ActivityRecord{ea38d78 u0 de.ulli.karopapier.app/.gamelist.GamelistActivity t53630}}}: allDrawn=false startingDisplayed=true startingMoved=false isRelaunching()=false startingWindow=Window{824c807 u0 Splash Screen de.ulli.karopapier.app}
2022-12-01 10:11:55.497  1753-1931  WindowManager           pid-1753                             I  Animation done in AppWindowToken{dfb4cb6 token=Token{38dfc51 ActivityRecord{ea38d78 u0 de.ulli.karopapier.app/.gamelist.GamelistActivity t53630}}} isHidden:false hiddenRequested:false
2022-12-01 10:11:55.504  8688-8711  HwApiCacheMangerEx      pid-8688                             I  apicache path=/storage/emulated/0 state=mounted key=de.ulli.karopapier.app#10396#256
2022-12-01 10:11:55.504  8688-8711  HwApiCacheMangerEx      pid-8688                             I  apicache path=/storage/emulated/0 state=mounted key=de.ulli.karopapier.app#10396#0
2022-12-01 10:11:55.511  8688-8711  AwareBitmapCacher       pid-8688                             I  init processName:de.ulli.karopapier.app pid=8688 uid=10396
2022-12-01 10:11:55.535  8688-8720  .karopapier.ap          pid-8688                             W  ClassLoaderContext type mismatch. expected=PCL, found=DLC (PCL[] | DLC[];PCL[/data/app/de.ulli.karopapier.app-2ugyUm8hRIw_c_8IrJeLqA==/base.apk*2249100898:/data/app/de.ulli.karopapier.app-2ugyUm8hRIw_c_8IrJeLqA==/base.apk!classes2.dex*2510837031])
2022-12-01 10:11:55.535  8688-8720  .karopapier.ap          pid-8688                             W  Found duplicated class when checking oat files: 'Landroid/support/v4/app/RemoteActionCompatParcelizer;' in /data/app/de.ulli.karopapier.app-2ugyUm8hRIw_c_8IrJeLqA==/base.apk and /data/user_de/0/com.google.android.gms/app_chimera/m/0000034f/MeasurementDynamite.apk
2022-12-01 10:11:55.545  8688-8688  karo.AbstrKaroActivity  pid-8688                             D  Creating de.ulli.karopapier.app.gamelist.GamelistActivity
2022-12-01 10:11:55.549  1753-3280  HwPhoneWindowManager    pid-1753                             V  updateSystemUiColorLw window=Window{824c807 u0 Splash Screen de.ulli.karopapier.app},EmuiStyle=0,StatusBarColor=0x0,NavigationBarColor=0x0, mForceNotchStatusBar=false
2022-12-01 10:11:55.582  1058-1276  ScreemCommon            pid-1058                             I  <LOGMGR> <ProcessActivtiySwitchOnCreate> [FLOW ERR, launching time=16071320 act=de.ulli.karopapier.app/de.ulli.karopapier.app.game.SpielinfoActivity handle time=16071537 act=de.ulli.karopapier.app/de.ulli.karopapier.app.gamelist.GamelistActivity]
2022-12-01 10:11:55.590  8688-8732  FA                      pid-8688                             I  To enable faster debug mode event logging run:
                                                                                                      adb shell setprop debug.firebase.analytics.app de.ulli.karopapier.app
2022-12-01 10:11:55.592  8688-8688  ActivityThread          pid-8688                             D  add activity client record, r= ActivityRecord{f7ffbbe token=android.os.BinderProxy@1162151 {de.ulli.karopapier.app/de.ulli.karopapier.app.gamelist.GamelistActivity}} token= android.os.BinderProxy@1162151
2022-12-01 10:11:55.593  8688-8688  karo.AbstrKaroActivity  pid-8688                             D  de.ulli.karopapier.app.gamelist.GamelistActivity.onStart
2022-12-01 10:11:55.598  8688-8688  karo.AbstrKaroActivity  pid-8688                             D  de.ulli.karopapier.app.gamelist.GamelistActivity.restoreInstanceState
2022-12-01 10:11:55.604  1753-3280  HwPCUtils#...iewManager pid-1753                             I  check if rio enable, displayId = 0， packageName = de.ulli.karopapier.app
2022-12-01 10:11:55.608  1753-3280  WindowManager           pid-1753                             I  addWindow: Window{1ca76ea u0 de.ulli.karopapier.app/de.ulli.karopapier.app.gamelist.GamelistActivity}
2022-12-01 10:11:55.610  2441-11831 Hicom_Monitor           pid-2441                             I  mActivityNotifierEx, className = de.ulli.karopapier.app.gamelist.GamelistActivity
2022-12-01 10:11:55.610  2441-11831 Hicom_Monitor           pid-2441                             I  notifyForegroundAppActivityChanged: className:de.ulli.karopapier.app.gamelist.GamelistActivity
2022-12-01 10:11:55.611  1753-1938  HwAudioServiceEx        pid-1753                             I  ComponentInfo : className = de.ulli.karopapier.app.gamelist.GamelistActivity, flag = onResume, isHomeActivity = , isTop = true
2022-12-01 10:11:55.612  2441-2632  DollieActi...gerAdapter pid-2441                             D  [Resumed] bg:true pid:8688 uid:10396 ComponentInfo{de.ulli.karopapier.app/de.ulli.karopapier.app.gamelist.GamelistActivity}
2022-12-01 10:11:55.612  2441-2632  DollieAdapterService    pid-2441                             E  notifyActivityState pkg:de.ulli.karopapier.app/de.ulli.karopapier.app.gamelist.GamelistActivity state:2 fg:true mUid:10396
2022-12-01 10:11:55.615  8688-8738  HiTouch_Pr...reDetector pid-8688                             D  onAttached, package=de.ulli.karopapier.app, windowType=1, mHiTouchRestricted=false
2022-12-01 10:11:55.617  2441-2632  HidataAppQoeP           pid-2441                             I  foregroundUidAdd uid: 10396 name: de.ulli.karopapier.app activity state: true
2022-12-01 10:11:55.620  8688-8727  iGraphics               pid-8688                             I  [0020080c] pn: de.ulli.karopapier.app, p: 8688
2022-12-01 10:11:55.620  8688-8727  iGraphics               pid-8688                             I  [0030080c] no spt app: de.ulli.karopapier.app
2022-12-01 10:11:55.625  2441-2632  SmartDualCardConfig     pid-2441                             I  getAppType,pkgName=de.ulli.karopapier.app,appType=-1
2022-12-01 10:11:55.628  2441-2632  SmartDualCardConfig     pid-2441                             I  getAppType,pkgName=de.ulli.karopapier.app,appType=-1
2022-12-01 10:11:55.628  2441-2632  SmartDualCardSM         pid-2441                             I  onUidStateUpdate,uid=10396,appName=de.ulli.karopapier.app,state=FOREGROUND
2022-12-01 10:11:55.629  2441-2632  SmartDualCardConfig     pid-2441                             I  getAppType,pkgName=de.ulli.karopapier.app,appType=-1
2022-12-01 10:11:55.651  1753-1931  WindowManager           pid-1753                             I  dispatchResized : win = Window{1ca76ea u0 de.ulli.karopapier.app/de.ulli.karopapier.app.gamelist.GamelistActivity} drawState = READY_TO_SHOW
2022-12-01 10:11:55.655  1753-1931  WindowManager           pid-1753                             I  removeIfPossible: Window{824c807 u0 Splash Screen de.ulli.karopapier.app} callers=com.android.server.wm.WindowState.removeIfPossible:2445 com.android.server.wm.WindowManagerService.removeWindow:2230 com.android.server.wm.Session.remove:178 android.view.ViewRootImpl.dispatchDetachedFromWindow:4791 android.view.ViewRootImpl.doDie:8027 
2022-12-01 10:11:55.656  1753-1931  WindowManager           pid-1753                             I  Not removing Window{824c807 u0 Splash Screen de.ulli.karopapier.app EXITING} due to exit animation 
2022-12-01 10:11:55.679  1753-7425  ActivityTaskManager     pid-1753                             V  Activity idle: Token{38dfc51 ActivityRecord{ea38d78 u0 de.ulli.karopapier.app/.gamelist.GamelistActivity t53630}}
2022-12-01 10:11:55.708  2441-2632  SmartDualCardConfig     pid-2441                             I  getAppType,pkgName=de.ulli.karopapier.app,appType=-1
2022-12-01 10:11:55.708  2441-2632  NetworkQoe              pid-2441                             I  onAppStateChanged: mForeAppUid=10396, packageName:de.ulli.karopapier.app
2022-12-01 10:11:55.761  1753-1931  WindowManager           pid-1753                             I  Exit animation finished in Window{824c807 u0 Splash Screen de.ulli.karopapier.app EXITING}: remove=true
2022-12-01 10:11:55.761  1753-1931  WindowManager           pid-1753                             E  win=Window{824c807 u0 Splash Screen de.ulli.karopapier.app EXITING} destroySurfaces: appStopped=false win.mWindowRemovalAllowed=true win.mRemoveOnExit=true
2022-12-01 10:11:55.762  1753-1931  WindowManager           pid-1753                             I  postWindowRemoveCleanupLocked: Window{824c807 u0 Splash Screen de.ulli.karopapier.app}
2022-12-01 10:11:55.762  1753-1931  WindowManager           pid-1753                             I  Removing Window{824c807 u0 Splash Screen de.ulli.karopapier.app} from AppWindowToken{dfb4cb6 token=Token{38dfc51 ActivityRecord{ea38d78 u0 de.ulli.karopapier.app/.gamelist.GamelistActivity t53630}}}
2022-12-01 10:11:56.153  1035-1062  AwareLog                pid-1035                             D  iawared: WorkingsetProcessCommand subCmd = 351, userId=10396, pid=8688, de.ulli.karopapier.app
2022-12-01 10:11:56.154  1035-1062  AwareLog                pid-1035                             D  iawared: WorkingsetPause de.ulli.karopapier.app
2022-12-01 10:11:56.272  8688-8756  NotificationManager     pid-8688                             I  de.ulli.karopapier.app: cancel(0)
2022-12-01 10:11:56.273  1753-1753  NotificationService     pid-1753                             I  cancelNotificationLocked called,tell the app,reason = 8,sbn key = 0|de.ulli.karopapier.app|0|Karo.notify|10396
2022-12-01 10:11:56.279  2255-2255  NotificationListener    pid-2255                             I  onNotificationRemoved: StatusBarNotification(pkg=de.ulli.karopapier.app user=UserHandle{0} id=0 tag=Karo.notify key=0|de.ulli.karopapier.app|0|Karo.notify|10396: Notification(channel=de.ulli.karopapier.app.notification.mute pri=0 contentView=null vibrate=null sound=null defaults=0x0 flags=0x10 color=0x00000000 vis=PRIVATE))
2022-12-01 10:11:56.284  2255-2255  ScrollLayout2           pid-2255                             I  removeContainerView StatusBarNotification(pkg=de.ulli.karopapier.app user=UserHandle{0} id=0 tag=Karo.notify key=0|de.ulli.karopapier.app|0|Karo.notify|10396: Notification(channel=de.ulli.karopapier.app.notification.mute pri=0 contentView=null vibrate=null sound=null defaults=0x0 flags=0x10 color=0x00000000 vis=PRIVATE))
2022-12-01 10:11:56.284  2662-2972  AppManager              pid-2662                             I  app:de.ulli.karopapier.app Notification update time:53924169
2022-12-01 10:11:56.284  2662-2972  AppManager              pid-2662                             I  app:de.ulli.karopapier.app Notification update time:53924172
2022-12-01 10:11:56.284  2662-2972  AppManager              pid-2662                             I  app:de.ulli.karopapier.app Notification update time:53924172
2022-12-01 10:11:56.286  2662-2972  AppManager              pid-2662                             I  app:de.ulli.karopapier.app Notification update time:53924174
2022-12-01 10:11:56.292  1753-7425  NotificationService     pid-1753                             I  enqueueNotificationInternal: pkg=de.ulli.karopapier.app id=0 notification=Notification(channel=de.ulli.karopapier.app.notification.mute pri=0 contentView=null vibrate=null sound=null defaults=0x0 flags=0x10 color=0x00000000 vis=PRIVATE)
2022-12-01 10:11:56.294  1753-7425  NotificationService     pid-1753                             I  enqueueNotificationInternal Channel Info : pkg=de.ulli.karopapier.app id=0 importance =3
2022-12-01 10:11:56.308  1753-2934  HWMW_HomePageDetect     pid-1753                             I  putDetectedResult is host homeActivity =ActivityRecord{ea38d78 u0 de.ulli.karopapier.app/.gamelist.GamelistActivity t53630}
2022-12-01 10:11:56.397  1753-1753  HwNotificationService   pid-1753                             I  isHwSoundAllow pkg=de.ulli.karopapier.app, channelId=de.ulli.karopapier.app.notification.mute, userId=0, soundVibrate=0
2022-12-01 10:11:56.397  1753-1753  NotificationService     pid-1753                             I  buzzBeepBlinkLocked hasValidSound=false,hasValidVibrate=false,vibration=null,key=0|de.ulli.karopapier.app|0|Karo.notify|10396
2022-12-01 10:11:56.403  2255-2255  NotificationListener    pid-2255                             I  onNotificationPosted: StatusBarNotification(pkg=de.ulli.karopapier.app user=UserHandle{0} id=0 tag=Karo.notify key=0|de.ulli.karopapier.app|0|Karo.notify|10396: Notification(channel=de.ulli.karopapier.app.notification.mute pri=0 contentView=null vibrate=null sound=null defaults=0x0 flags=0x10 color=0x00000000 vis=PRIVATE)) important=3, post=1669885916294, when=1669885916286,showWhen=true, vis=0, userid=0, hasFullScreenIntent=false
2022-12-01 10:11:56.403  2662-2972  AppManager              pid-2662                             I  app:de.ulli.karopapier.app Notification update time:53924291
2022-12-01 10:11:56.432  2255-2255  ScrollLayout2           pid-2255                             I  addContainerView StatusBarNotification(pkg=de.ulli.karopapier.app user=UserHandle{0} id=0 tag=Karo.notify key=0|de.ulli.karopapier.app|0|Karo.notify|10396: Notification(channel=de.ulli.karopapier.app.notification.mute pri=0 contentView=null vibrate=null sound=null defaults=0x0 flags=0x10 color=0x00000000 vis=PRIVATE))
2022-12-01 10:11:57.071  8688-8761  karo.uks                pid-8688                             I  Success: UKSUser{id=20, name='ultimate', color=-15663359, topic='ultimate', alias=[ulti], karoId=1411, flags=de.ulli.karopapier.data.UksFlags@68be572}
2022-12-01 10:11:57.072  8688-8761  karo.messagemanager     pid-8688                             I  Uks Register successfull: UKSUser{id=20, name='ultimate', color=-15663359, topic='ultimate', alias=[ulti], karoId=1411, flags=de.ulli.karopapier.data.UksFlags@68be572}
2022-12-01 10:11:57.625  2441-2632  ConnCureConfigUtil      pid-2441                             D  isCaredApp: input = de.ulli.karopapier.app
