2022-12-01 11:42:31.861  1035-1062  AwareLog                pid-1035                             D  iawared: WorkingsetProcessCommand subCmd = 350, userId=10396, pid=18071, de.ulli.karopapier.app
2022-12-01 11:42:31.862  1753-3077  ActivityTaskManager     pid-1753                             I  Making visible and scheduling visibility: ActivityRecord{59854d3 u0 de.ulli.karopapier.app/.game.GameActivity t53633}
2022-12-01 11:42:31.873  1753-3077  WindowManager           pid-1753                             I  Check opening app=AppWindowToken{5e3cf09 token=Token{9e69810 ActivityRecord{59854d3 u0 de.ulli.karopapier.app/.game.GameActivity t53633}}}: allDrawn=false startingDisplayed=false startingMoved=false isRelaunching()=false startingWindow=null
2022-12-01 11:42:31.873  1753-1930  ActivityTaskManager     pid-1753                             V  Stopping ActivityRecord{294aa21 u0 de.ulli.karopapier.app/.StartActivity t53633}: nowVisible=false animating=true finishing=false
2022-12-01 11:42:31.875  1753-1931  WindowManager           pid-1753                             I  Check opening app=AppWindowToken{5e3cf09 token=Token{9e69810 ActivityRecord{59854d3 u0 de.ulli.karopapier.app/.game.GameActivity t53633}}}: allDrawn=false startingDisplayed=false startingMoved=false isRelaunching()=false startingWindow=null
2022-12-01 11:42:31.875  2441-2632  DollieActi...gerAdapter pid-2441                             D  [Paused] pid:18071 uid:10396 ComponentInfo{de.ulli.karopapier.app/de.ulli.karopapier.app.StartActivity} uidState:2
2022-12-01 11:42:31.876  1753-1938  HwAudioServiceEx        pid-1753                             I  ComponentInfo : className = de.ulli.karopapier.app.StartActivity, flag = onPause, isHomeActivity = , isTop = false
2022-12-01 11:42:31.879 18071-18071 karo.AbstrKaroActivity  pid-18071                            D  Creating de.ulli.karopapier.app.game.GameActivity
2022-12-01 11:42:31.920 18071-18071 ActivityThread          pid-18071                            D  add activity client record, r= ActivityRecord{e824682 token=android.os.BinderProxy@38e2644 {de.ulli.karopapier.app/de.ulli.karopapier.app.game.GameActivity}} token= android.os.BinderProxy@38e2644
2022-12-01 11:42:31.921 18071-18071 karo.AbstrKaroActivity  pid-18071                            D  de.ulli.karopapier.app.game.GameActivity.onStart
2022-12-01 11:42:31.926  1753-11242 HwPCUtils#...iewManager pid-1753                             I  check if rio enable, displayId = 0， packageName = de.ulli.karopapier.app
2022-12-01 11:42:31.929  1753-2049  WindowManager           pid-1753                             I  addWindow: Window{ad7b7e6 u0 de.ulli.karopapier.app/de.ulli.karopapier.app.game.GameActivity}
2022-12-01 11:42:31.930  2441-22941 Hicom_Monitor           pid-2441                             I  mActivityNotifierEx, className = de.ulli.karopapier.app.game.GameActivity
2022-12-01 11:42:31.930  2441-22941 Hicom_Monitor           pid-2441                             I  notifyForegroundAppActivityChanged: className:de.ulli.karopapier.app.game.GameActivity
2022-12-01 11:42:31.930  1753-1938  HwAudioServiceEx        pid-1753                             I  ComponentInfo : className = de.ulli.karopapier.app.game.GameActivity, flag = onResume, isHomeActivity = , isTop = true
2022-12-01 11:42:31.932  2441-2632  DollieActi...gerAdapter pid-2441                             D  [Resumed] bg:false pid:18071 uid:10396 ComponentInfo{de.ulli.karopapier.app/de.ulli.karopapier.app.game.GameActivity}
2022-12-01 11:42:31.932  2441-2632  DollieAdapterService    pid-2441                             E  notifyActivityState pkg:de.ulli.karopapier.app/de.ulli.karopapier.app.game.GameActivity state:2 fg:true mUid:10396
2022-12-01 11:42:31.932  2441-2632  NetworkQoe              pid-2441                             I  onAppStateChanged: mForeAppUid=10396, packageName:de.ulli.karopapier.app
2022-12-01 11:42:31.940  1753-2049  HWMW_HomePageDetect     pid-1753                             I  putDetectedResult is host homeActivity =ActivityRecord{59854d3 u0 de.ulli.karopapier.app/.game.GameActivity t53633}
2022-12-01 11:42:31.941 18071-18210 HiTouch_Pr...reDetector pid-18071                            D  onAttached, package=de.ulli.karopapier.app, windowType=1, mHiTouchRestricted=false
2022-12-01 11:42:31.944  1753-2049  WindowManager           pid-1753                             I  Check opening app=AppWindowToken{5e3cf09 token=Token{9e69810 ActivityRecord{59854d3 u0 de.ulli.karopapier.app/.game.GameActivity t53633}}}: allDrawn=false startingDisplayed=false startingMoved=false isRelaunching()=false startingWindow=null
2022-12-01 11:42:31.965  1753-1931  WindowManager           pid-1753                             I  Check opening app=AppWindowToken{5e3cf09 token=Token{9e69810 ActivityRecord{59854d3 u0 de.ulli.karopapier.app/.game.GameActivity t53633}}}: allDrawn=true startingDisplayed=false startingMoved=false isRelaunching()=false startingWindow=null
2022-12-01 11:42:31.966  1753-1931  HwWindowMa...rServiceEx pid-1753                             D  is app exit to launcher info: transit = 6, app = AppWindowToken{92dad34 token=Token{c0fb807 ActivityRecord{294aa21 u0 de.ulli.karopapier.app/.StartActivity t53633}}}, window = Window{47bc0b u0 de.ulli.karopapier.app/de.ulli.karopapier.app.StartActivity}, mClosingApps = {AppWindowToken{92dad34 token=Token{c0fb807 ActivityRecord{294aa21 u0 de.ulli.karopapier.app/.StartActivity t53633}}}}, topOpeningApp = AppWindowToken{5e3cf09 token=Token{9e69810 ActivityRecord{59854d3 u0 de.ulli.karopapier.app/.game.GameActivity t53633}}}, mExitIconBitmap = null, mExitIconHeight = 0, mExitIconWidth = 0
2022-12-01 11:42:31.968  1753-1931  WindowManager           pid-1753                             V  commitVisibility: AppWindowToken{92dad34 token=Token{c0fb807 ActivityRecord{294aa21 u0 de.ulli.karopapier.app/.StartActivity t53633}}}: hidden=true hiddenRequested=true
2022-12-01 11:42:31.968  1753-1931  HwWindowMa...rServiceEx pid-1753                             D  is app exit to launcher info: transit = 6, app = AppWindowToken{5e3cf09 token=Token{9e69810 ActivityRecord{59854d3 u0 de.ulli.karopapier.app/.game.GameActivity t53633}}}, window = Window{ad7b7e6 u0 de.ulli.karopapier.app/de.ulli.karopapier.app.game.GameActivity}, mClosingApps = {AppWindowToken{92dad34 token=Token{c0fb807 ActivityRecord{294aa21 u0 de.ulli.karopapier.app/.StartActivity t53633}}}}, topOpeningApp = AppWindowToken{5e3cf09 token=Token{9e69810 ActivityRecord{59854d3 u0 de.ulli.karopapier.app/.game.GameActivity t53633}}}, mExitIconBitmap = null, mExitIconHeight = 0, mExitIconWidth = 0
2022-12-01 11:42:31.970  1753-1931  WindowManager           pid-1753                             V  commitVisibility: AppWindowToken{5e3cf09 token=Token{9e69810 ActivityRecord{59854d3 u0 de.ulli.karopapier.app/.game.GameActivity t53633}}}: hidden=false hiddenRequested=false
2022-12-01 11:42:31.971  1753-1931  WindowManager           pid-1753                             I  dispatchResized : win = Window{ad7b7e6 u0 de.ulli.karopapier.app/de.ulli.karopapier.app.game.GameActivity} drawState = HAS_DRAWN
2022-12-01 11:42:32.180  1753-3077  NotificationService     pid-1753                             W  Toast already killed. pkg=de.ulli.karopapier.app callback=android.app.ITransientNotification$Stub$Proxy@29f1217
2022-12-01 11:42:32.288  1753-1931  WindowManager           pid-1753                             I  Animation done in AppWindowToken{5e3cf09 token=Token{9e69810 ActivityRecord{59854d3 u0 de.ulli.karopapier.app/.game.GameActivity t53633}}} isHidden:false hiddenRequested:false
2022-12-01 11:42:32.289  1753-1931  ActivityTaskManager     pid-1753                             V  Stopping ActivityRecord{294aa21 u0 de.ulli.karopapier.app/.StartActivity t53633}: nowVisible=true animating=true finishing=false
2022-12-01 11:42:32.289  1753-1931  WindowManager           pid-1753                             I  Animation done in AppWindowToken{92dad34 token=Token{c0fb807 ActivityRecord{294aa21 u0 de.ulli.karopapier.app/.StartActivity t53633}}} isHidden:true hiddenRequested:true
2022-12-01 11:42:32.333  1058-1276  ScreemCommon            pid-1058                             I  <LOGMGR> <NotifyTaskFinished> [Start Activity ok, pkg=de.ulli.karopapier.app, act=de.ulli.karopapier.app.game.GameActivity, fromPkg=, totalTime=447, adTime=0, touchTime=0, actCount=1, animTime=324]
2022-12-01 11:42:32.374   774-4557  BufferQueueProducer     pid-774                              W  [de.ulli.karopapier.app/de.ulli.karopapier.app.StartActivity#0]:1403: disconnect: not connected (req=1)
2022-12-01 11:42:32.471  1035-1062  AwareLog                pid-1035                             D  iawared: WorkingsetProcessCommand subCmd = 351, userId=10396, pid=18071, de.ulli.karopapier.app
2022-12-01 11:42:33.652  1753-2049  ActivityTaskManager     pid-1753                             V  Activity idle: Token{9e69810 ActivityRecord{59854d3 u0 de.ulli.karopapier.app/.game.GameActivity t53633}}
2022-12-01 11:42:33.671 18071-18071 karo.AbstrKaroActivity  pid-18071                            D  de.ulli.karopapier.app.StartActivity.saveInstanceState
2022-12-01 11:42:33.688  1753-2049  WindowManager           pid-1753                             I  notifyAppStopped: AppWindowToken{92dad34 token=Token{c0fb807 ActivityRecord{294aa21 u0 de.ulli.karopapier.app/.StartActivity t53633}}}
2022-12-01 11:42:33.688  1753-2049  WindowManager           pid-1753                             E  win=Window{47bc0b u0 de.ulli.karopapier.app/de.ulli.karopapier.app.StartActivity} destroySurfaces: appStopped=true win.mWindowRemovalAllowed=false win.mRemoveOnExit=false
