2022-12-01 11:42:21.762  1035-1062  AwareLog                pid-1035                             D  iawared: WorkingsetProcessCommand subCmd = 357, userId=10396, pid=8688, de.ulli.karopapier.app/.gamelist.GamelistActivity
2022-12-01 11:42:21.762  1035-1062  AwareLog                pid-1035                             D  iawared: WorkingsetPauseCollect de.ulli.karopapier.app/.gamelist.GamelistActivity
2022-12-01 11:42:24.765  1035-1062  AwareLog                pid-1035                             D  iawared: WorkingsetProcessCommand subCmd = 352, userId=10396, pid=8688, de.ulli.karopapier.app/.gamelist.GamelistActivity
2022-12-01 11:42:24.765  1035-1062  AwareLog                pid-1035                             D  iawared: WorkingsetStop de.ulli.karopapier.app/.gamelist.GamelistActivity
2022-12-01 11:42:28.980  1753-3170  ActivityTaskManager     pid-1753                             I  START u0 {flg=0x20000 hwFlg=0x10 cmp=de.ulli.karopapier.app/.game.GameActivity (has extras)} from uid 10396
2022-12-01 11:42:28.981  1753-3170  ActivityTaskManager     pid-1753                             I  ActivityRecord info: ActivityInfo{8101842 de.ulli.karopapier.app.game.GameActivity}
2022-12-01 11:42:28.981  1753-3170  ActivityTaskManager     pid-1753                             D  TaskLaunchParamsModifier:task=null activity=ActivityRecord{12051e4 u0 de.ulli.karopapier.app/.game.GameActivity t-1} display-from-source=0 display-id=0 display-windowing-mode=1
2022-12-01 11:42:28.982  1753-3170  ActivityTaskManager     pid-1753                             D  TaskLaunchParamsModifier:task=null activity=ActivityRecord{12051e4 u0 de.ulli.karopapier.app/.game.GameActivity t-1} display-from-source=0 display-id=0 display-windowing-mode=1 activity-options-fullscreen=Rect(0, 0 - 0, 0) non-freeform-display maximized-bounds
2022-12-01 11:42:28.987  1753-3170  ActivityTaskManager     pid-1753                             E  START {flg=0x20000 hwFlg=0x10 cmp=de.ulli.karopapier.app/.game.GameActivity (has extras)} result: 3
2022-12-01 11:42:28.999  1035-1062  AwareLog                pid-1035                             D  iawared: WorkingsetProcessCommand subCmd = 350, userId=10396, pid=8688, de.ulli.karopapier.app/.game.GameActivity
2022-12-01 11:42:28.999  1035-1062  AwareLog                pid-1035                             D  iawared: WorkingsetSendPrereadMsg de.ulli.karopapier.app/.game.GameActivity
2022-12-01 11:42:28.999  1035-1062  AwareLog                pid-1035                             D  iawared: WorkingsetStart de.ulli.karopapier.app/.game.GameActivity in monitor0
2022-12-01 11:42:29.001  1753-2049  WindowManager           pid-1753                             I  Changing focus from Window{ce4d078 u0 de.ulli.karopapier.app/de.ulli.karopapier.app.gamelist.GamelistActivity} to null displayId=0 Callers=com.android.server.wm.RootWindowContainer.updateFocusedWindowLocked:211 com.android.server.wm.WindowManagerService.updateFocusedWindowLocked:6385 com.android.server.wm.ActivityDisplay.setFocusedApp:1557 com.android.server.wm.ActivityTaskManagerService.setResumedActivityUncheckLocked:6305 
2022-12-01 11:42:29.003  1753-2049  WindowManager           pid-1753                             V  notifyAppResumed: wasStopped=true AppWindowToken{430315c token=Token{44693cf ActivityRecord{895fc2e u0 de.ulli.karopapier.app/.game.GameActivity t53633}}}
2022-12-01 11:42:29.007  1753-2049  WindowManager           pid-1753                             I  Check opening app=AppWindowToken{430315c token=Token{44693cf ActivityRecord{895fc2e u0 de.ulli.karopapier.app/.game.GameActivity t53633}}}: allDrawn=false startingDisplayed=false startingMoved=false isRelaunching()=false startingWindow=null
2022-12-01 11:42:29.009  8688-8688  karo.AbstrKaroActivity  pid-8688                             D  de.ulli.karopapier.app.game.GameActivity.onRestart
2022-12-01 11:42:29.009  8688-8688  karo.AbstrKaroActivity  pid-8688                             D  de.ulli.karopapier.app.game.GameActivity.onStart
2022-12-01 11:42:29.012  2441-2632  DollieActi...gerAdapter pid-2441                             D  [Paused] pid:8688 uid:10396 ComponentInfo{de.ulli.karopapier.app/de.ulli.karopapier.app.gamelist.GamelistActivity} uidState:2
2022-12-01 11:42:29.014  1753-1930  ActivityTaskManager     pid-1753                             V  Stopping ActivityRecord{12daa19 u0 de.ulli.karopapier.app/.gamelist.GamelistActivity t53633}: nowVisible=false animating=true finishing=false
2022-12-01 11:42:29.014  1753-1938  HwAudioServiceEx        pid-1753                             I  ComponentInfo : className = de.ulli.karopapier.app.gamelist.GamelistActivity, flag = onPause, isHomeActivity = , isTop = false
2022-12-01 11:42:29.015  1753-1938  HwAudioServiceEx        pid-1753                             I  ComponentInfo : className = de.ulli.karopapier.app.game.GameActivity, flag = onResume, isHomeActivity = , isTop = true
2022-12-01 11:42:29.016  2441-29492 Hicom_Monitor           pid-2441                             I  mActivityNotifierEx, className = de.ulli.karopapier.app.game.GameActivity
2022-12-01 11:42:29.016  2441-2632  DollieActi...gerAdapter pid-2441                             D  [Resumed] bg:false pid:8688 uid:10396 ComponentInfo{de.ulli.karopapier.app/de.ulli.karopapier.app.game.GameActivity}
2022-12-01 11:42:29.016  2441-29492 Hicom_Monitor           pid-2441                             I  notifyForegroundAppActivityChanged: className:de.ulli.karopapier.app.game.GameActivity
2022-12-01 11:42:29.016  2441-2632  DollieAdapterService    pid-2441                             E  notifyActivityState pkg:de.ulli.karopapier.app/de.ulli.karopapier.app.game.GameActivity state:2 fg:true mUid:10396
2022-12-01 11:42:29.016  2441-2632  NetworkQoe              pid-2441                             I  onAppStateChanged: mForeAppUid=10396, packageName:de.ulli.karopapier.app
2022-12-01 11:42:29.024  1753-2049  WindowManager           pid-1753                             I  Check opening app=AppWindowToken{430315c token=Token{44693cf ActivityRecord{895fc2e u0 de.ulli.karopapier.app/.game.GameActivity t53633}}}: allDrawn=false startingDisplayed=false startingMoved=false isRelaunching()=false startingWindow=null
2022-12-01 11:42:29.026  1753-2049  WindowManager           pid-1753                             I  Changing focus from null to Window{90908d5 u0 de.ulli.karopapier.app/de.ulli.karopapier.app.game.GameActivity} displayId=0 Callers=com.android.server.wm.RootWindowContainer.updateFocusedWindowLocked:211 com.android.server.wm.WindowManagerService.updateFocusedWindowLocked:6385 com.android.server.wm.WindowManagerService.relayoutWindow:2732 com.android.server.wm.Session.relayout:196 
2022-12-01 11:42:29.027  1753-1928  StatusBarDisable        pid-1753                             I  setFlags what=0 which=1 pkg=Window{90908d5 u0 de.ulli.karopapier.app/de.ulli.karopapier.app.game.GameActivity}
2022-12-01 11:42:29.033  1058-1276  ScreemCommon            pid-1058                             W  <LOGMGR> <CheckActivityResult> [FLOW ERR, Start app ok with unknown ret=3, pkg=de.ulli.karopapier.app, cls=de.ulli.karopapier.app.game.GameActivity]
2022-12-01 11:42:29.073  1753-1931  WindowManager           pid-1753                             I  Check opening app=AppWindowToken{430315c token=Token{44693cf ActivityRecord{895fc2e u0 de.ulli.karopapier.app/.game.GameActivity t53633}}}: allDrawn=true startingDisplayed=false startingMoved=false isRelaunching()=false startingWindow=null
2022-12-01 11:42:29.075  1753-1931  HwWindowMa...rServiceEx pid-1753                             D  is app exit to launcher info: transit = 6, app = AppWindowToken{dbbe4bf token=Token{29b3ade ActivityRecord{12daa19 u0 de.ulli.karopapier.app/.gamelist.GamelistActivity t53633}}}, window = Window{ce4d078 u0 de.ulli.karopapier.app/de.ulli.karopapier.app.gamelist.GamelistActivity}, mClosingApps = {AppWindowToken{dbbe4bf token=Token{29b3ade ActivityRecord{12daa19 u0 de.ulli.karopapier.app/.gamelist.GamelistActivity t53633}}}}, topOpeningApp = AppWindowToken{430315c token=Token{44693cf ActivityRecord{895fc2e u0 de.ulli.karopapier.app/.game.GameActivity t53633}}}, mExitIconBitmap = null, mExitIconHeight = 0, mExitIconWidth = 0
2022-12-01 11:42:29.076  1753-1931  WindowManager           pid-1753                             V  commitVisibility: AppWindowToken{dbbe4bf token=Token{29b3ade ActivityRecord{12daa19 u0 de.ulli.karopapier.app/.gamelist.GamelistActivity t53633}}}: hidden=true hiddenRequested=true
2022-12-01 11:42:29.077  1753-1931  HwWindowMa...rServiceEx pid-1753                             D  is app exit to launcher info: transit = 6, app = AppWindowToken{430315c token=Token{44693cf ActivityRecord{895fc2e u0 de.ulli.karopapier.app/.game.GameActivity t53633}}}, window = Window{90908d5 u0 de.ulli.karopapier.app/de.ulli.karopapier.app.game.GameActivity}, mClosingApps = {AppWindowToken{dbbe4bf token=Token{29b3ade ActivityRecord{12daa19 u0 de.ulli.karopapier.app/.gamelist.GamelistActivity t53633}}}}, topOpeningApp = AppWindowToken{430315c token=Token{44693cf ActivityRecord{895fc2e u0 de.ulli.karopapier.app/.game.GameActivity t53633}}}, mExitIconBitmap = null, mExitIconHeight = 0, mExitIconWidth = 0
2022-12-01 11:42:29.078  1753-1931  WindowManager           pid-1753                             V  commitVisibility: AppWindowToken{430315c token=Token{44693cf ActivityRecord{895fc2e u0 de.ulli.karopapier.app/.game.GameActivity t53633}}}: hidden=false hiddenRequested=false
2022-12-01 11:42:29.083  3297-3297  GoogleInpu...hodService pid-3297                             I  GoogleInputMethodService.onStartInput():1876 onStartInput(EditorInfo{inputType=0x0(NULL) imeOptions=0x0 privateImeOptions=null actionName=UNSPECIFIED actionLabel=null actionId=0 initialSelStart=-1 initialSelEnd=-1 initialCapsMode=0x0 hintText=null label=null packageName=de.ulli.karopapier.app fieldId=-1 fieldName=null extras=null}, false)
2022-12-01 11:42:29.136  1753-2360  ActivityTaskManager     pid-1753                             V  Activity idle: Token{44693cf ActivityRecord{895fc2e u0 de.ulli.karopapier.app/.game.GameActivity t53633}}
2022-12-01 11:42:29.137  1753-2360  ActivityTaskManager     pid-1753                             V  Stopping ActivityRecord{12daa19 u0 de.ulli.karopapier.app/.gamelist.GamelistActivity t53633}: nowVisible=false animating=true finishing=false
2022-12-01 11:42:29.297  8688-8688  QarthLog                pid-8688                             I  [PatchStore] create disable file for de.ulli.karopapier.app uid is 10396
2022-12-01 11:42:29.303  8688-8688  AndroidRuntime          pid-8688                             E  FATAL EXCEPTION: main
                                                                                                    Process: de.ulli.karopapier.app, PID: 8688
                                                                                                    java.lang.OutOfMemoryError: Failed to allocate a 219563152 byte allocation with 25165824 free bytes and 169MB until OOM, target footprint 250481520, growth limit 402653184
                                                                                                    	at de.ulli.karopapier.graphics.MapBitmapGenerator.generate(MapBitmapGenerator.java:192)
                                                                                                    	at de.ulli.karopapier.view.AbstractGameView.updateMapBitmap(AbstractGameView.java:616)
                                                                                                    	at de.ulli.karopapier.view.AbstractGameView.setGame(AbstractGameView.java:588)
                                                                                                    	at de.ulli.karopapier.app.game.AbstractGameActivity.updateView(AbstractGameActivity.java:704)
                                                                                                    	at de.ulli.karopapier.app.game.AbstractGameActivity.onGameLoaded(AbstractGameActivity.java:1172)
                                                                                                    	at de.ulli.karopapier.app.game.LoadGameTask.onPostExecute(LoadGameTask.java:52)
                                                                                                    	at de.ulli.karopapier.app.game.LoadGameTask.onPostExecute(LoadGameTask.java:17)
                                                                                                    	at de.ulli.karopapier.util.AbstractKaroTask.onPostExecute(AbstractKaroTask.java:31)
                                                                                                    	at android.os.AsyncTask.finish(AsyncTask.java:797)
                                                                                                    	at android.os.AsyncTask.access$900(AsyncTask.java:195)
                                                                                                    	at android.os.AsyncTask$InternalHandler.handleMessage(AsyncTask.java:814)
                                                                                                    	at android.os.Handler.dispatchMessage(Handler.java:110)
                                                                                                    	at android.os.Looper.loop(Looper.java:219)
                                                                                                    	at android.app.ActivityThread.main(ActivityThread.java:8393)
                                                                                                    	at java.lang.reflect.Method.invoke(Native Method)
                                                                                                    	at com.android.internal.os.RuntimeInit$MethodAndArgsCaller.run(RuntimeInit.java:513)
                                                                                                    	at com.android.internal.os.ZygoteInit.main(ZygoteInit.java:1055)
2022-12-01 11:42:29.305  1753-2360  ActivityTaskManager     pid-1753                             W    finishTopCrashedActivityLocked Force finishing activity de.ulli.karopapier.app/.game.GameActivity
2022-12-01 11:42:29.308  1753-2360  ActivityTaskManager     pid-1753                             W    finishTopCrashedActivityLocked non_home Force finishing activity de.ulli.karopapier.app/.gamelist.GamelistActivity
2022-12-01 11:42:29.385  1753-2082  InputDispatcher         pid-1753                             W  channel '90908d5 de.ulli.karopapier.app/de.ulli.karopapier.app.game.GameActivity (server)' ~ Consumer closed input channel or an error occurred.  events=0x9
2022-12-01 11:42:29.385  1753-2082  InputDispatcher         pid-1753                             E  channel '90908d5 de.ulli.karopapier.app/de.ulli.karopapier.app.game.GameActivity (server)' ~ Channel is unrecoverably broken and will be disposed!
2022-12-01 11:42:29.385  1753-2082  WindowManager           pid-1753                             I  WINDOW DIED Window{90908d5 u0 de.ulli.karopapier.app/de.ulli.karopapier.app.game.GameActivity}
2022-12-01 11:42:29.385  1753-2082  WindowManager           pid-1753                             I  Animation done in AppWindowToken{430315c token=Token{44693cf ActivityRecord{895fc2e u0 de.ulli.karopapier.app/.game.GameActivity t53633}}} isHidden:false hiddenRequested:true
2022-12-01 11:42:29.386  1753-2082  ActivityTaskManager     pid-1753                             V  Stopping ActivityRecord{12daa19 u0 de.ulli.karopapier.app/.gamelist.GamelistActivity t53633 f}: nowVisible=false animating=true finishing=true
2022-12-01 11:42:29.386  1753-2082  WindowManager           pid-1753                             I  removeIfPossible: Window{90908d5 u0 de.ulli.karopapier.app/de.ulli.karopapier.app.game.GameActivity} callers=com.android.server.wm.WindowState.removeIfPossible:2445 com.android.server.wm.InputManagerCallback.notifyInputChannelBroken:68 com.android.server.input.InputManagerService.notifyInputChannelBroken:2080 <bottom of call stack> <bottom of call stack> 
2022-12-01 11:42:29.386  1753-2082  InputDispatcher         pid-1753                             W  Attempted to unregister already unregistered input channel '90908d5 de.ulli.karopapier.app/de.ulli.karopapier.app.game.GameActivity (server)'
2022-12-01 11:42:29.386  1753-2082  WindowManager           pid-1753                             I  Not removing Window{90908d5 u0 de.ulli.karopapier.app/de.ulli.karopapier.app.game.GameActivity EXITING} due to exit animation 
2022-12-01 11:42:29.386  1753-2082  WindowManager           pid-1753                             I  Changing focus from Window{90908d5 u0 de.ulli.karopapier.app/de.ulli.karopapier.app.game.GameActivity EXITING} to null displayId=0 Callers=com.android.server.wm.RootWindowContainer.updateFocusedWindowLocked:211 com.android.server.wm.WindowManagerService.updateFocusedWindowLocked:6385 com.android.server.wm.WindowState.setupWindowForRemoveOnExit:2601 com.android.server.wm.WindowState.removeIfPossible:2563 
2022-12-01 11:42:29.389  1753-2049  InputDispatcher         pid-1753                             D  Window handle Window{90908d5 u0 de.ulli.karopapier.app/de.ulli.karopapier.app.game.GameActivity} has no registered input channel
2022-12-01 11:42:29.390  1753-2082  InputDispatcher         pid-1753                             W  channel 'ce4d078 de.ulli.karopapier.app/de.ulli.karopapier.app.gamelist.GamelistActivity (server)' ~ Consumer closed input channel or an error occurred.  events=0x9
2022-12-01 11:42:29.390  1753-2082  InputDispatcher         pid-1753                             E  channel 'ce4d078 de.ulli.karopapier.app/de.ulli.karopapier.app.gamelist.GamelistActivity (server)' ~ Channel is unrecoverably broken and will be disposed!
2022-12-01 11:42:29.390  1753-2082  InputDispatcher         pid-1753                             W  channel '1e1f40b de.ulli.karopapier.app/de.ulli.karopapier.app.StartActivity (server)' ~ Consumer closed input channel or an error occurred.  events=0x9
2022-12-01 11:42:29.390  1753-2082  InputDispatcher         pid-1753                             E  channel '1e1f40b de.ulli.karopapier.app/de.ulli.karopapier.app.StartActivity (server)' ~ Channel is unrecoverably broken and will be disposed!
2022-12-01 11:42:29.393  1753-2082  WindowManager           pid-1753                             I  WINDOW DIED Window{ce4d078 u0 de.ulli.karopapier.app/de.ulli.karopapier.app.gamelist.GamelistActivity}
2022-12-01 11:42:29.393  1753-2082  WindowManager           pid-1753                             I  Animation done in AppWindowToken{dbbe4bf token=Token{29b3ade ActivityRecord{12daa19 u0 de.ulli.karopapier.app/.gamelist.GamelistActivity t53633}}} isHidden:true hiddenRequested:true
2022-12-01 11:42:29.393  1753-2082  WindowManager           pid-1753                             I  removeIfPossible: Window{ce4d078 u0 de.ulli.karopapier.app/de.ulli.karopapier.app.gamelist.GamelistActivity} callers=com.android.server.wm.WindowState.removeIfPossible:2445 com.android.server.wm.InputManagerCallback.notifyInputChannelBroken:68 com.android.server.input.InputManagerService.notifyInputChannelBroken:2080 <bottom of call stack> <bottom of call stack> 
2022-12-01 11:42:29.393  1753-2082  InputDispatcher         pid-1753                             W  Attempted to unregister already unregistered input channel 'ce4d078 de.ulli.karopapier.app/de.ulli.karopapier.app.gamelist.GamelistActivity (server)'
2022-12-01 11:42:29.394  1753-2082  WindowManager           pid-1753                             I  postWindowRemoveCleanupLocked: Window{ce4d078 u0 de.ulli.karopapier.app/de.ulli.karopapier.app.gamelist.GamelistActivity}
2022-12-01 11:42:29.394  1753-2082  WindowManager           pid-1753                             I  Removing Window{ce4d078 u0 de.ulli.karopapier.app/de.ulli.karopapier.app.gamelist.GamelistActivity} from AppWindowToken{dbbe4bf token=Token{29b3ade ActivityRecord{12daa19 u0 de.ulli.karopapier.app/.gamelist.GamelistActivity t53633}}}
2022-12-01 11:42:29.398  1753-2082  WindowManager           pid-1753                             I  WINDOW DIED Window{1e1f40b u0 de.ulli.karopapier.app/de.ulli.karopapier.app.StartActivity}
2022-12-01 11:42:29.398  1753-2082  WindowManager           pid-1753                             I  removeIfPossible: Window{1e1f40b u0 de.ulli.karopapier.app/de.ulli.karopapier.app.StartActivity} callers=com.android.server.wm.WindowState.removeIfPossible:2445 com.android.server.wm.InputManagerCallback.notifyInputChannelBroken:68 com.android.server.input.InputManagerService.notifyInputChannelBroken:2080 <bottom of call stack> <bottom of call stack> 
2022-12-01 11:42:29.398  1753-2082  InputDispatcher         pid-1753                             W  Attempted to unregister already unregistered input channel '1e1f40b de.ulli.karopapier.app/de.ulli.karopapier.app.StartActivity (server)'
2022-12-01 11:42:29.398  1753-2082  WindowManager           pid-1753                             I  postWindowRemoveCleanupLocked: Window{1e1f40b u0 de.ulli.karopapier.app/de.ulli.karopapier.app.StartActivity}
2022-12-01 11:42:29.398  1753-2082  WindowManager           pid-1753                             I  Removing Window{1e1f40b u0 de.ulli.karopapier.app/de.ulli.karopapier.app.StartActivity} from AppWindowToken{92dad34 token=Token{c0fb807 ActivityRecord{294aa21 u0 de.ulli.karopapier.app/.StartActivity t53633}}}
2022-12-01 11:42:29.400  1753-3282  ActivityManager         pid-1753                             I  Process de.ulli.karopapier.app (pid 8688) has died: fore TOP 
2022-12-01 11:42:29.400  1753-3282  ActivityManager         pid-1753                             D  cleanUpApplicationRecord app: 8688:de.ulli.karopapier.app/u0a396, bad: false, restarting: false, allowRestart: true
2022-12-01 11:42:29.401  1753-2108  WindowManager           pid-1753                             I  WIN DEATH: Window{90908d5 u0 de.ulli.karopapier.app/de.ulli.karopapier.app.game.GameActivity EXITING}
2022-12-01 11:42:29.401  1753-2108  WindowManager           pid-1753                             I  removeIfPossible: Window{90908d5 u0 de.ulli.karopapier.app/de.ulli.karopapier.app.game.GameActivity EXITING} callers=com.android.server.wm.WindowState.access$300:276 com.android.server.wm.WindowState$DeathRecipient.binderDied:3209 android.os.BinderProxy.sendDeathNotice:657 <bottom of call stack> <bottom of call stack> 
2022-12-01 11:42:29.401  1753-2108  WindowManager           pid-1753                             I  Not removing Window{90908d5 u0 de.ulli.karopapier.app/de.ulli.karopapier.app.game.GameActivity EXITING} due to exit animation 
2022-12-01 11:42:29.404  1753-3282  WindowManager           pid-1753                             V  commitVisibility: AppWindowToken{430315c token=Token{44693cf ActivityRecord{895fc2e u0 de.ulli.karopapier.app/.game.GameActivity t53633}}}: hidden=true hiddenRequested=true
2022-12-01 11:42:29.404  1753-3282  WindowManager           pid-1753                             I  Animation done in AppWindowToken{430315c token=Token{44693cf ActivityRecord{895fc2e u0 de.ulli.karopapier.app/.game.GameActivity t53633}}} isHidden:true hiddenRequested:true
2022-12-01 11:42:29.406  1753-3282  WindowManager           pid-1753                             I  Exit animation finished in Window{90908d5 u0 de.ulli.karopapier.app/de.ulli.karopapier.app.game.GameActivity EXITING}: remove=true
2022-12-01 11:42:29.406  1753-3282  WindowManager           pid-1753                             E  win=Window{90908d5 u0 de.ulli.karopapier.app/de.ulli.karopapier.app.game.GameActivity EXITING} destroySurfaces: appStopped=false win.mWindowRemovalAllowed=true win.mRemoveOnExit=true
2022-12-01 11:42:29.407  1753-3282  WindowManager           pid-1753                             I  postWindowRemoveCleanupLocked: Window{90908d5 u0 de.ulli.karopapier.app/de.ulli.karopapier.app.game.GameActivity}
2022-12-01 11:42:29.407  1753-3282  WindowManager           pid-1753                             I  Removing Window{90908d5 u0 de.ulli.karopapier.app/de.ulli.karopapier.app.game.GameActivity} from AppWindowToken{430315c token=Token{44693cf ActivityRecord{895fc2e u0 de.ulli.karopapier.app/.game.GameActivity t53633}}}
2022-12-01 11:42:29.409  1000-1000  ITouchService           pid-1000                             D  itouch currentPackageName = de.ulli.karopapier.app
2022-12-01 11:42:29.409  1000-1000  ITouchService           pid-1000                             D  itouch getCurrentParmID tempPkg=de.ulli.karopapier.xxx
2022-12-01 11:42:29.409  1000-1000  ITouchService           pid-1000                             D  itouch:app de.ulli.karopapier.app is  not game app
2022-12-01 11:42:29.409  1000-1000  ITouchService           pid-1000                             D  itouch:app de.ulli.karopapier.app is  not in StylusPenList
2022-12-01 11:42:29.409  1753-3282  WindowManager           pid-1753                             V  removeAppToken: AppWindowToken{430315c token=Token{44693cf ActivityRecord{895fc2e u0 de.ulli.karopapier.app/.game.GameActivity t53633}}} delayed=true Callers=com.android.server.wm.DisplayContent.removeAppToken:1299 com.android.server.wm.ActivityRecord.removeWindowContainer:1371 com.android.server.wm.ActivityStack.removeActivityFromHistoryLocked:5289 com.android.server.wm.ActivityStack.removeHistoryRecordsForAppLocked:5716 com.android.server.wm.ActivityStack.handleAppDiedLocked:6260 com.android.server.wm.RootActivityContainer.handleAppDied:2169 com.android.server.wm.ActivityTaskManagerService$LocalService.handleAppDied:7632 com.android.server.am.ActivityManagerService.handleAppDiedLocked:3932 com.android.server.am.ActivityManagerService.appDiedLocked:4071 
2022-12-01 11:42:29.410  1753-3282  WindowManager           pid-1753                             I  Animation done in AppWindowToken{dbbe4bf token=Token{29b3ade ActivityRecord{12daa19 u0 de.ulli.karopapier.app/.gamelist.GamelistActivity t53633}}} isHidden:true hiddenRequested:true
2022-12-01 11:42:29.410  1753-3282  WindowManager           pid-1753                             V  removeAppToken: AppWindowToken{dbbe4bf token=Token{29b3ade ActivityRecord{12daa19 u0 de.ulli.karopapier.app/.gamelist.GamelistActivity t53633}}} delayed=true Callers=com.android.server.wm.DisplayContent.removeAppToken:1299 com.android.server.wm.ActivityRecord.removeWindowContainer:1371 com.android.server.wm.ActivityStack.removeActivityFromHistoryLocked:5289 com.android.server.wm.ActivityStack.removeHistoryRecordsForAppLocked:5716 com.android.server.wm.ActivityStack.handleAppDiedLocked:6260 com.android.server.wm.RootActivityContainer.handleAppDied:2169 com.android.server.wm.ActivityTaskManagerService$LocalService.handleAppDied:7632 com.android.server.am.ActivityManagerService.handleAppDiedLocked:3932 com.android.server.am.ActivityManagerService.appDiedLocked:4071 
2022-12-01 11:42:29.413  1753-1938  HwAudioServiceEx        pid-1753                             I  ComponentInfo : className = de.ulli.karopapier.app.StartActivity, flag = showStartingWindow, isHomeActivity = , isTop = false
2022-12-01 11:42:29.419  2441-2632  DollieAdapterService    pid-2441                             E  notifyActivityState pkg:de.ulli.karopapier.app/de.ulli.karopapier.app.game.GameActivity state:20 fg:false mUid:10396
2022-12-01 11:42:29.419  1753-1930  ActivityManager         pid-1753                             V  startProcess: name=de.ulli.karopapier.app app=null knownToBeDead=false thread=null pid=-1 preloadStatus=-1
2022-12-01 11:42:29.420  2441-2632  HidataAppQoeP           pid-2441                             I  foregroundUidRemove uid: 10396 name: de.ulli.karopapier.app
2022-12-01 11:42:29.421  2441-2632  SmartDualCardConfig     pid-2441                             I  getAppType,pkgName=de.ulli.karopapier.app,appType=-1
2022-12-01 11:42:29.421  1753-1930  ActivityManager         pid-1753                             V  startProcess: name=de.ulli.karopapier.app app=ProcessRecord{7fb823c 0:de.ulli.karopapier.app/u0a396} knownToBeDead=false thread=null pid=0 preloadStatus=0
2022-12-01 11:42:29.421  1753-1931  HwPCUtils#...iewManager pid-1753                             I  check if rio enable, displayId = 0， packageName = de.ulli.karopapier.app
2022-12-01 11:42:29.421  1035-1062  AwareLog                pid-1035                             D  iawared: WorkingsetProcessCommand subCmd = 354, userId=10396, pid=0, de.ulli.karopapier.app
2022-12-01 11:42:29.421  2441-2632  SmartDualCardConfig     pid-2441                             I  getAppType,pkgName=de.ulli.karopapier.app,appType=-1
2022-12-01 11:42:29.421  2441-2632  SmartDualCardSM         pid-2441                             I  onUidStateUpdate,uid=10396,appName=de.ulli.karopapier.app,state=BACKGROUND
2022-12-01 11:42:29.422  1035-1062  AwareLog                pid-1035                             D  iawared: ForceStopCurrentWorkingset abort de.ulli.karopapier.app/.game.GameActivity
2022-12-01 11:42:29.423  1753-1931  WindowManager           pid-1753                             I  addWindow: Window{e932ce6 u0 Splash Screen de.ulli.karopapier.app}
2022-12-01 11:42:29.423  1035-1062  AwareLog                pid-1035                             D  iawared: WorkingsetSendPrereadMsg de.ulli.karopapier.app
2022-12-01 11:42:29.423  1035-1062  AwareLog                pid-1035                             D  iawared: WorkingsetStart de.ulli.karopapier.app in monitor1
2022-12-01 11:42:29.424  2441-2632  SmartDualCardConfig     pid-2441                             I  getAppType,pkgName=de.ulli.karopapier.app,appType=-1
2022-12-01 11:42:29.424  2441-2632  DollieChr               pid-2441                             I  handleForegroundAppUpdateMsg,mAppState=2,scenes=1,mForegroundAppName=de.ulli.karopapier.app
2022-12-01 11:42:29.430  2441-2632  SmartDualCardConfig     pid-2441                             I  getAppType,pkgName=de.ulli.karopapier.app,appType=-1
2022-12-01 11:42:29.433  1753-1945  ActivityManager         pid-1753                             I  Start proc 18071:de.ulli.karopapier.app/u0a396 for activity {de.ulli.karopapier.app/de.ulli.karopapier.app.StartActivity}
2022-12-01 11:42:29.434  1035-1062  AwareLog                pid-1035                             D  iawared: WorkingsetProcessCommand subCmd = 352, userId=10396, pid=8688, de.ulli.karopapier.app/.game.GameActivity
2022-12-01 11:42:29.435  1035-1062  AwareLog                pid-1035                             D  iawared: ForceStopCurrentWorkingset abort de.ulli.karopapier.app
2022-12-01 11:42:29.435  1035-1062  AwareLog                pid-1035                             D  iawared: WorkingsetProcessCommand subCmd = 350, userId=10396, pid=18071, de.ulli.karopapier.app
2022-12-01 11:42:29.440  1753-18078 HiTouch_Pr...reDetector pid-1753                             D  onAttached, package=de.ulli.karopapier.app, windowType=3, mHiTouchRestricted=false
2022-12-01 11:42:29.456  1753-11242 WindowManager           pid-1753                             I  performshow Window{e932ce6 u0 Splash Screen de.ulli.karopapier.app} tok.waitingToShow=true isTransitionSet=true parentHidden=false vis=0 tok.hidden=true hasSurface=true policyVis=true destroying=false animating=true
2022-12-01 11:42:29.457  1753-11242 WindowManager           pid-1753                             I  dispatchResized : win = Window{e932ce6 u0 Splash Screen de.ulli.karopapier.app} drawState = READY_TO_SHOW
2022-12-01 11:42:29.462  1753-1931  WindowManager           pid-1753                             I  performshow Window{e932ce6 u0 Splash Screen de.ulli.karopapier.app} tok.waitingToShow=true isTransitionSet=true parentHidden=false vis=0 tok.hidden=true hasSurface=true policyVis=true destroying=false animating=true
2022-12-01 11:42:29.462  1753-1931  WindowManager           pid-1753                             I  Check opening app=AppWindowToken{92dad34 token=Token{c0fb807 ActivityRecord{294aa21 u0 de.ulli.karopapier.app/.StartActivity t53633}}}: allDrawn=false startingDisplayed=true startingMoved=false isRelaunching()=false startingWindow=Window{e932ce6 u0 Splash Screen de.ulli.karopapier.app}
2022-12-01 11:42:29.463  1753-1931  HwWindowMa...rServiceEx pid-1753                             D  is app exit to launcher info: transit = 26, app = AppWindowToken{92dad34 token=Token{c0fb807 ActivityRecord{294aa21 u0 de.ulli.karopapier.app/.StartActivity t53633}}}, window = null, mClosingApps = {}, topOpeningApp = AppWindowToken{92dad34 token=Token{c0fb807 ActivityRecord{294aa21 u0 de.ulli.karopapier.app/.StartActivity t53633}}}, mExitIconBitmap = null, mExitIconHeight = 0, mExitIconWidth = 0
2022-12-01 11:42:29.463  1753-1931  WindowManager           pid-1753                             V  commitVisibility: AppWindowToken{92dad34 token=Token{c0fb807 ActivityRecord{294aa21 u0 de.ulli.karopapier.app/.StartActivity t53633}}}: hidden=false hiddenRequested=false
2022-12-01 11:42:29.463  1753-1931  WindowManager           pid-1753                             I  Animation done in AppWindowToken{92dad34 token=Token{c0fb807 ActivityRecord{294aa21 u0 de.ulli.karopapier.app/.StartActivity t53633}}} isHidden:false hiddenRequested:false
2022-12-01 11:42:29.465  1753-1928  StatusBarDisable        pid-1753                             I  setFlags what=0 which=1 pkg=Window{e932ce6 u0 Splash Screen de.ulli.karopapier.app}
2022-12-01 11:42:29.476 18071-18090 HwApiCacheMangerEx      pid-18071                            I  apicache path=/storage/emulated/0 state=mounted key=de.ulli.karopapier.app#10396#256
2022-12-01 11:42:29.477 18071-18090 HwApiCacheMangerEx      pid-18071                            I  apicache path=/storage/emulated/0 state=mounted key=de.ulli.karopapier.app#10396#0
2022-12-01 11:42:29.483  1000-1000  ITouchService           pid-1000                             D  itouch currentPackageName = de.ulli.karopapier.app
2022-12-01 11:42:29.483  1000-1000  ITouchService           pid-1000                             D  itouch getCurrentParmID tempPkg=de.ulli.karopapier.xxx
2022-12-01 11:42:29.483  1000-1000  ITouchService           pid-1000                             D  itouch:app de.ulli.karopapier.app is  not game app
2022-12-01 11:42:29.483  1000-1000  ITouchService           pid-1000                             D  itouch:app de.ulli.karopapier.app is  not in StylusPenList
2022-12-01 11:42:29.485 18071-18090 AwareBitmapCacher       pid-18071                            I  init processName:de.ulli.karopapier.app pid=18071 uid=10396
2022-12-01 11:42:29.512 18071-18099 .karopapier.ap          pid-18071                            W  ClassLoaderContext type mismatch. expected=PCL, found=DLC (PCL[] | DLC[];PCL[/data/app/de.ulli.karopapier.app-2ugyUm8hRIw_c_8IrJeLqA==/base.apk*2249100898:/data/app/de.ulli.karopapier.app-2ugyUm8hRIw_c_8IrJeLqA==/base.apk!classes2.dex*2510837031])
2022-12-01 11:42:29.512 18071-18099 .karopapier.ap          pid-18071                            W  Found duplicated class when checking oat files: 'Landroid/support/v4/app/RemoteActionCompatParcelizer;' in /data/app/de.ulli.karopapier.app-2ugyUm8hRIw_c_8IrJeLqA==/base.apk and /data/user_de/0/com.google.android.gms/app_chimera/m/0000034f/MeasurementDynamite.apk
2022-12-01 11:42:29.522 18071-18071 karo.AbstrKaroActivity  pid-18071                            D  Creating de.ulli.karopapier.app.StartActivity
2022-12-01 11:42:29.558 18071-18071 ActivityThread          pid-18071                            D  add activity client record, r= ActivityRecord{4055b5a token=android.os.BinderProxy@1162151 {de.ulli.karopapier.app/de.ulli.karopapier.app.StartActivity}} token= android.os.BinderProxy@1162151
2022-12-01 11:42:29.559 18071-18071 karo.AbstrKaroActivity  pid-18071                            D  de.ulli.karopapier.app.StartActivity.onStart
2022-12-01 11:42:29.566 18071-18071 karo.AbstrKaroActivity  pid-18071                            D  de.ulli.karopapier.app.StartActivity.restoreInstanceState
2022-12-01 11:42:29.575  1753-3283  HwPCUtils#...iewManager pid-1753                             I  check if rio enable, displayId = 0， packageName = de.ulli.karopapier.app
2022-12-01 11:42:29.580  1753-3283  WindowManager           pid-1753                             I  addWindow: Window{47bc0b u0 de.ulli.karopapier.app/de.ulli.karopapier.app.StartActivity}
2022-12-01 11:42:29.582  2441-2522  Hicom_Monitor           pid-2441                             I  mActivityNotifierEx, className = de.ulli.karopapier.app.StartActivity
2022-12-01 11:42:29.582  2441-2522  Hicom_Monitor           pid-2441                             I  notifyForegroundAppActivityChanged: className:de.ulli.karopapier.app.StartActivity
2022-12-01 11:42:29.583  1753-1938  HwAudioServiceEx        pid-1753                             I  ComponentInfo : className = de.ulli.karopapier.app.StartActivity, flag = onResume, isHomeActivity = , isTop = true
2022-12-01 11:42:29.583  2441-2632  DollieActi...gerAdapter pid-2441                             D  [Resumed] bg:true pid:18071 uid:10396 ComponentInfo{de.ulli.karopapier.app/de.ulli.karopapier.app.StartActivity}
2022-12-01 11:42:29.583  2441-2632  DollieAdapterService    pid-2441                             E  notifyActivityState pkg:de.ulli.karopapier.app/de.ulli.karopapier.app.StartActivity state:2 fg:true mUid:10396
2022-12-01 11:42:29.583  2441-2632  HidataAppQoeP           pid-2441                             I  foregroundUidAdd uid: 10396 name: de.ulli.karopapier.app activity state: true
2022-12-01 11:42:29.586  2441-2632  SmartDualCardConfig     pid-2441                             I  getAppType,pkgName=de.ulli.karopapier.app,appType=-1
2022-12-01 11:42:29.586  2441-2632  SmartDualCardConfig     pid-2441                             I  getAppType,pkgName=de.ulli.karopapier.app,appType=-1
2022-12-01 11:42:29.586  2441-2632  SmartDualCardSM         pid-2441                             I  onUidStateUpdate,uid=10396,appName=de.ulli.karopapier.app,state=FOREGROUND
2022-12-01 11:42:29.587  2441-2632  SmartDualCardConfig     pid-2441                             I  getAppType,pkgName=de.ulli.karopapier.app,appType=-1
2022-12-01 11:42:29.593 18071-18149 HiTouch_Pr...reDetector pid-18071                            D  onAttached, package=de.ulli.karopapier.app, windowType=1, mHiTouchRestricted=false
2022-12-01 11:42:29.596  1753-1877  WindowManager           pid-1753                             I  Changing focus from null to Window{47bc0b u0 de.ulli.karopapier.app/de.ulli.karopapier.app.StartActivity} displayId=0 Callers=com.android.server.wm.RootWindowContainer.updateFocusedWindowLocked:211 com.android.server.wm.WindowManagerService.updateFocusedWindowLocked:6385 com.android.server.wm.WindowManagerService.relayoutWindow:2732 com.android.server.wm.Session.relayout:196 
2022-12-01 11:42:29.597  1753-1928  StatusBarDisable        pid-1753                             I  setFlags what=0 which=1 pkg=Window{47bc0b u0 de.ulli.karopapier.app/de.ulli.karopapier.app.StartActivity}
2022-12-01 11:42:29.598 18071-18125 iGraphics               pid-18071                            I  [0020080c] pn: de.ulli.karopapier.app, p: 18071
2022-12-01 11:42:29.598 18071-18125 iGraphics               pid-18071                            I  [0030080c] no spt app: de.ulli.karopapier.app
2022-12-01 11:42:29.622 18071-18136 FA                      pid-18071                            I  To enable faster debug mode event logging run:
                                                                                                      adb shell setprop debug.firebase.analytics.app de.ulli.karopapier.app
2022-12-01 11:42:29.641  1753-1931  WindowManager           pid-1753                             I  dispatchResized : win = Window{47bc0b u0 de.ulli.karopapier.app/de.ulli.karopapier.app.StartActivity} drawState = READY_TO_SHOW
2022-12-01 11:42:29.646  1753-1931  WindowManager           pid-1753                             I  removeIfPossible: Window{e932ce6 u0 Splash Screen de.ulli.karopapier.app} callers=com.android.server.wm.WindowState.removeIfPossible:2445 com.android.server.wm.WindowManagerService.removeWindow:2230 com.android.server.wm.Session.remove:178 android.view.ViewRootImpl.dispatchDetachedFromWindow:4791 android.view.ViewRootImpl.doDie:8027 
2022-12-01 11:42:29.647  1753-1931  WindowManager           pid-1753                             I  Not removing Window{e932ce6 u0 Splash Screen de.ulli.karopapier.app EXITING} due to exit animation 
2022-12-01 11:42:29.654  3297-3297  GoogleInpu...hodService pid-3297                             I  GoogleInputMethodService.onStartInput():1876 onStartInput(EditorInfo{inputType=0x0(NULL) imeOptions=0x0 privateImeOptions=null actionName=UNSPECIFIED actionLabel=null actionId=0 initialSelStart=-1 initialSelEnd=-1 initialCapsMode=0x0 hintText=null label=null packageName=de.ulli.karopapier.app fieldId=-1 fieldName=null extras=null}, false)
2022-12-01 11:42:29.660  1753-11242 ActivityTaskManager     pid-1753                             V  Activity idle: Token{c0fb807 ActivityRecord{294aa21 u0 de.ulli.karopapier.app/.StartActivity t53633}}
2022-12-01 11:42:29.722  2441-2632  SmartDualCardConfig     pid-2441                             I  getAppType,pkgName=de.ulli.karopapier.app,appType=-1
2022-12-01 11:42:29.722  2441-2632  NetworkQoe              pid-2441                             I  onAppStateChanged: mForeAppUid=10396, packageName:de.ulli.karopapier.app
2022-12-01 11:42:29.756  1753-1931  WindowManager           pid-1753                             I  Exit animation finished in Window{e932ce6 u0 Splash Screen de.ulli.karopapier.app EXITING}: remove=true
2022-12-01 11:42:29.756  1753-1931  WindowManager           pid-1753                             E  win=Window{e932ce6 u0 Splash Screen de.ulli.karopapier.app EXITING} destroySurfaces: appStopped=false win.mWindowRemovalAllowed=true win.mRemoveOnExit=true
2022-12-01 11:42:29.757  1753-1931  WindowManager           pid-1753                             I  postWindowRemoveCleanupLocked: Window{e932ce6 u0 Splash Screen de.ulli.karopapier.app}
2022-12-01 11:42:29.757  1753-1931  WindowManager           pid-1753                             I  Removing Window{e932ce6 u0 Splash Screen de.ulli.karopapier.app} from AppWindowToken{92dad34 token=Token{c0fb807 ActivityRecord{294aa21 u0 de.ulli.karopapier.app/.StartActivity t53633}}}
2022-12-01 11:42:29.797  1753-3077  WindowManager           pid-1753                             I  Changing focus from Window{47bc0b u0 de.ulli.karopapier.app/de.ulli.karopapier.app.StartActivity} to Window{8a52bab u0 Sicherheitsrisiko} displayId=0 Callers=com.android.server.wm.RootWindowContainer.updateFocusedWindowLocked:211 com.android.server.wm.WindowManagerService.updateFocusedWindowLocked:6385 com.android.server.wm.WindowManagerService.addWindow:2036 com.android.server.wm.HwWindowManagerService.addWindow:252 
2022-12-01 11:42:29.806  1753-1930  ActivityTaskManager     pid-1753                             W  Activity top resumed state loss timeout for ActivityRecord{895fc2e u0 de.ulli.karopapier.app/.game.GameActivity t-1 f}
2022-12-01 11:42:30.124  1753-3077  HwPCUtils#...iewManager pid-1753                             I  check if rio enable, displayId = 0， packageName = de.ulli.karopapier.app
2022-12-01 11:42:30.144  1035-1062  AwareLog                pid-1035                             D  iawared: WorkingsetProcessCommand subCmd = 351, userId=10396, pid=18071, de.ulli.karopapier.app
2022-12-01 11:42:30.249 18071-18142 NotificationManager     pid-18071                            I  de.ulli.karopapier.app: cancel(0)
2022-12-01 11:42:30.250  1753-1753  NotificationService     pid-1753                             I  cancelNotificationLocked called,tell the app,reason = 8,sbn key = 0|de.ulli.karopapier.app|0|Karo.notify|10396
2022-12-01 11:42:30.255  2255-2255  NotificationListener    pid-2255                             I  onNotificationRemoved: StatusBarNotification(pkg=de.ulli.karopapier.app user=UserHandle{0} id=0 tag=Karo.notify key=0|de.ulli.karopapier.app|0|Karo.notify|10396: Notification(channel=de.ulli.karopapier.app.notification.mute pri=0 contentView=null vibrate=null sound=null defaults=0x0 flags=0x10 color=0x00000000 vis=PRIVATE))
2022-12-01 11:42:30.258  2662-2972  AppManager              pid-2662                             I  app:de.ulli.karopapier.app Notification update time:59358145
2022-12-01 11:42:30.258  2662-2972  AppManager              pid-2662                             I  app:de.ulli.karopapier.app Notification update time:59358146
2022-12-01 11:42:30.264  2662-2972  AppManager              pid-2662                             I  app:de.ulli.karopapier.app Notification update time:59358152
2022-12-01 11:42:30.264  2662-2972  AppManager              pid-2662                             I  app:de.ulli.karopapier.app Notification update time:59358152
2022-12-01 11:42:30.283  2255-2255  ScrollLayout2           pid-2255                             I  removeContainerView StatusBarNotification(pkg=de.ulli.karopapier.app user=UserHandle{0} id=0 tag=Karo.notify key=0|de.ulli.karopapier.app|0|Karo.notify|10396: Notification(channel=de.ulli.karopapier.app.notification.mute pri=0 contentView=null vibrate=null sound=null defaults=0x0 flags=0x10 color=0x00000000 vis=PRIVATE))
2022-12-01 11:42:30.303  1753-2049  NotificationService     pid-1753                             I  enqueueNotificationInternal: pkg=de.ulli.karopapier.app id=0 notification=Notification(channel=de.ulli.karopapier.app.notification.mute pri=0 contentView=null vibrate=null sound=null defaults=0x0 flags=0x10 color=0x00000000 vis=PRIVATE)
2022-12-01 11:42:30.304  1753-2049  NotificationService     pid-1753                             I  enqueueNotificationInternal Channel Info : pkg=de.ulli.karopapier.app id=0 importance =3
2022-12-01 11:42:30.326  1753-2049  AlarmManager            pid-1753                             I  remove alarm:Alarm{a87b6e0 type 0 when 1669891674638 PendingIntent{e8de030: PendingIntentRecord{8264a90 de.ulli.karopapier.app broadcastIntent}}de.ulli.karopapier.app procName de.ulli.karopapier.app} according to operation:c26ce3
2022-12-01 11:42:30.415  1753-1753  HwNotificationService   pid-1753                             I  isHwSoundAllow pkg=de.ulli.karopapier.app, channelId=de.ulli.karopapier.app.notification.mute, userId=0, soundVibrate=0
2022-12-01 11:42:30.415  1753-1753  NotificationService     pid-1753                             I  buzzBeepBlinkLocked hasValidSound=false,hasValidVibrate=false,vibration=null,key=0|de.ulli.karopapier.app|0|Karo.notify|10396
2022-12-01 11:42:30.424  2662-2972  AppManager              pid-2662                             I  app:de.ulli.karopapier.app Notification update time:59358312
2022-12-01 11:42:30.428  2255-2255  NotificationListener    pid-2255                             I  onNotificationPosted: StatusBarNotification(pkg=de.ulli.karopapier.app user=UserHandle{0} id=0 tag=Karo.notify key=0|de.ulli.karopapier.app|0|Karo.notify|10396: Notification(channel=de.ulli.karopapier.app.notification.mute pri=0 contentView=null vibrate=null sound=null defaults=0x0 flags=0x10 color=0x00000000 vis=PRIVATE)) important=3, post=1669891350305, when=1669891350284,showWhen=true, vis=0, userid=0, hasFullScreenIntent=false
2022-12-01 11:42:30.474  2255-2255  ScrollLayout2           pid-2255                             I  addContainerView StatusBarNotification(pkg=de.ulli.karopapier.app user=UserHandle{0} id=0 tag=Karo.notify key=0|de.ulli.karopapier.app|0|Karo.notify|10396: Notification(channel=de.ulli.karopapier.app.notification.mute pri=0 contentView=null vibrate=null sound=null defaults=0x0 flags=0x10 color=0x00000000 vis=PRIVATE))
2022-12-01 11:42:30.668 18071-18143 karo.uks                pid-18071                            I  Success: UKSUser{id=20, name='ultimate', color=-15663359, topic='ultimate', alias=[ulti], karoId=1411, flags=de.ulli.karopapier.data.UksFlags@91cdac}
2022-12-01 11:42:30.669 18071-18143 karo.messagemanager     pid-18071                            I  Uks Register successfull: UKSUser{id=20, name='ultimate', color=-15663359, topic='ultimate', alias=[ulti], karoId=1411, flags=de.ulli.karopapier.data.UksFlags@91cdac}
2022-12-01 11:42:31.587  2441-2632  ConnCureConfigUtil      pid-2441                             D  isCaredApp: input = de.ulli.karopapier.app
2022-12-01 11:42:31.846  1753-2049  ActivityTaskManager     pid-1753                             I  START u0 {flg=0x20000 hwFlg=0x10 cmp=de.ulli.karopapier.app/.game.GameActivity (has extras)} from uid 10396
2022-12-01 11:42:31.848  1753-2049  ActivityTaskManager     pid-1753                             I  ActivityRecord info: ActivityInfo{8101842 de.ulli.karopapier.app.game.GameActivity}
2022-12-01 11:42:31.850  1753-2049  ActivityTaskManager     pid-1753                             D  TaskLaunchParamsModifier:task=null activity=ActivityRecord{59854d3 u0 de.ulli.karopapier.app/.game.GameActivity t-1} display-from-source=0 display-id=0 display-windowing-mode=1
2022-12-01 11:42:31.850  1753-2049  ActivityTaskManager     pid-1753                             D  TaskLaunchParamsModifier:task=null activity=ActivityRecord{59854d3 u0 de.ulli.karopapier.app/.game.GameActivity t-1} display-from-source=0 display-id=0 display-windowing-mode=1 activity-options-fullscreen=Rect(0, 0 - 0, 0) non-freeform-display maximized-bounds
2022-12-01 11:42:31.852  1753-2049  ActivityTaskManager     pid-1753                             V  addAppToken: AppWindowToken{5e3cf09 token=Token{9e69810 ActivityRecord{59854d3 u0 de.ulli.karopapier.app/.game.GameActivity t53633}}} task={taskId=53633 appTokens=[AppWindowToken{92dad34 token=Token{c0fb807 ActivityRecord{294aa21 u0 de.ulli.karopapier.app/.StartActivity t53633}}}] mdr=false} at 2147483647
